main.c:129:6:processController	32	static
main.c:176:5:main	16	static
main.c:275:6:SystemClock_Config	88	static
main.c:318:13:MX_CAN1_Init	8	static
main.c:355:13:MX_CAN2_Init	8	static
main.c:392:13:MX_SPI5_Init	8	static
main.c:430:13:MX_TIM2_Init	48	static
main.c:491:13:MX_TIM3_Init	48	static
main.c:540:13:MX_TIM4_Init	48	static
main.c:601:13:MX_TIM12_Init	40	static
main.c:643:13:MX_USART1_UART_Init	8	static
main.c:676:13:MX_USART2_UART_Init	8	static
main.c:709:13:MX_USART6_UART_Init	8	static
main.c:740:13:MX_DMA_Init	16	static
main.c:765:13:MX_GPIO_Init	56	static
main.c:825:6:Error_Handler	4	static
