Archive member included to satisfy reference by file (symbol)

c:/st/stm32cubeide_1.4.0/stm32cubeide/plugins/com.st.stm32cube.ide.mcu.externaltools.gnu-tools-for-stm32.7-2018-q2-update.win32_1.4.0.202007081208/tools/bin/../lib/gcc/arm-none-eabi/7.3.1/../../../../arm-none-eabi/lib/thumb/v7e-m/fpv4-sp/hard\libc_nano.a(lib_a-errno.o)
                              Core/Src/syscalls.o (__errno)
c:/st/stm32cubeide_1.4.0/stm32cubeide/plugins/com.st.stm32cube.ide.mcu.externaltools.gnu-tools-for-stm32.7-2018-q2-update.win32_1.4.0.202007081208/tools/bin/../lib/gcc/arm-none-eabi/7.3.1/../../../../arm-none-eabi/lib/thumb/v7e-m/fpv4-sp/hard\libc_nano.a(lib_a-exit.o)
                              c:/st/stm32cubeide_1.4.0/stm32cubeide/plugins/com.st.stm32cube.ide.mcu.externaltools.gnu-tools-for-stm32.7-2018-q2-update.win32_1.4.0.202007081208/tools/bin/../lib/gcc/arm-none-eabi/7.3.1/../../../../arm-none-eabi/lib/thumb/v7e-m/fpv4-sp/hard/crt0.o (exit)
c:/st/stm32cubeide_1.4.0/stm32cubeide/plugins/com.st.stm32cube.ide.mcu.externaltools.gnu-tools-for-stm32.7-2018-q2-update.win32_1.4.0.202007081208/tools/bin/../lib/gcc/arm-none-eabi/7.3.1/../../../../arm-none-eabi/lib/thumb/v7e-m/fpv4-sp/hard\libc_nano.a(lib_a-impure.o)
                              c:/st/stm32cubeide_1.4.0/stm32cubeide/plugins/com.st.stm32cube.ide.mcu.externaltools.gnu-tools-for-stm32.7-2018-q2-update.win32_1.4.0.202007081208/tools/bin/../lib/gcc/arm-none-eabi/7.3.1/../../../../arm-none-eabi/lib/thumb/v7e-m/fpv4-sp/hard\libc_nano.a(lib_a-exit.o) (_global_impure_ptr)
c:/st/stm32cubeide_1.4.0/stm32cubeide/plugins/com.st.stm32cube.ide.mcu.externaltools.gnu-tools-for-stm32.7-2018-q2-update.win32_1.4.0.202007081208/tools/bin/../lib/gcc/arm-none-eabi/7.3.1/../../../../arm-none-eabi/lib/thumb/v7e-m/fpv4-sp/hard\libc_nano.a(lib_a-init.o)
                              c:/st/stm32cubeide_1.4.0/stm32cubeide/plugins/com.st.stm32cube.ide.mcu.externaltools.gnu-tools-for-stm32.7-2018-q2-update.win32_1.4.0.202007081208/tools/bin/../lib/gcc/arm-none-eabi/7.3.1/../../../../arm-none-eabi/lib/thumb/v7e-m/fpv4-sp/hard/crt0.o (__libc_init_array)
c:/st/stm32cubeide_1.4.0/stm32cubeide/plugins/com.st.stm32cube.ide.mcu.externaltools.gnu-tools-for-stm32.7-2018-q2-update.win32_1.4.0.202007081208/tools/bin/../lib/gcc/arm-none-eabi/7.3.1/../../../../arm-none-eabi/lib/thumb/v7e-m/fpv4-sp/hard\libc_nano.a(lib_a-memcpy-stub.o)
                              Core/Src/rm_imu.o (memcpy)
c:/st/stm32cubeide_1.4.0/stm32cubeide/plugins/com.st.stm32cube.ide.mcu.externaltools.gnu-tools-for-stm32.7-2018-q2-update.win32_1.4.0.202007081208/tools/bin/../lib/gcc/arm-none-eabi/7.3.1/../../../../arm-none-eabi/lib/thumb/v7e-m/fpv4-sp/hard\libc_nano.a(lib_a-memset.o)
                              c:/st/stm32cubeide_1.4.0/stm32cubeide/plugins/com.st.stm32cube.ide.mcu.externaltools.gnu-tools-for-stm32.7-2018-q2-update.win32_1.4.0.202007081208/tools/bin/../lib/gcc/arm-none-eabi/7.3.1/../../../../arm-none-eabi/lib/thumb/v7e-m/fpv4-sp/hard/crt0.o (memset)
c:/st/stm32cubeide_1.4.0/stm32cubeide/plugins/com.st.stm32cube.ide.mcu.externaltools.gnu-tools-for-stm32.7-2018-q2-update.win32_1.4.0.202007081208/tools/bin/../lib/gcc/arm-none-eabi/7.3.1/../../../../arm-none-eabi/lib/thumb/v7e-m/fpv4-sp/hard\libm.a(lib_a-s_fmax.o)
                              Core/Src/main.o (fmax)
c:/st/stm32cubeide_1.4.0/stm32cubeide/plugins/com.st.stm32cube.ide.mcu.externaltools.gnu-tools-for-stm32.7-2018-q2-update.win32_1.4.0.202007081208/tools/bin/../lib/gcc/arm-none-eabi/7.3.1/../../../../arm-none-eabi/lib/thumb/v7e-m/fpv4-sp/hard\libm.a(lib_a-s_fmin.o)
                              Core/Src/main.o (fmin)
c:/st/stm32cubeide_1.4.0/stm32cubeide/plugins/com.st.stm32cube.ide.mcu.externaltools.gnu-tools-for-stm32.7-2018-q2-update.win32_1.4.0.202007081208/tools/bin/../lib/gcc/arm-none-eabi/7.3.1/../../../../arm-none-eabi/lib/thumb/v7e-m/fpv4-sp/hard\libm.a(lib_a-s_fpclassify.o)
                              c:/st/stm32cubeide_1.4.0/stm32cubeide/plugins/com.st.stm32cube.ide.mcu.externaltools.gnu-tools-for-stm32.7-2018-q2-update.win32_1.4.0.202007081208/tools/bin/../lib/gcc/arm-none-eabi/7.3.1/../../../../arm-none-eabi/lib/thumb/v7e-m/fpv4-sp/hard\libm.a(lib_a-s_fmax.o) (__fpclassifyd)
c:/st/stm32cubeide_1.4.0/stm32cubeide/plugins/com.st.stm32cube.ide.mcu.externaltools.gnu-tools-for-stm32.7-2018-q2-update.win32_1.4.0.202007081208/tools/bin/../lib/gcc/arm-none-eabi/7.3.1/../../../../arm-none-eabi/lib/thumb/v7e-m/fpv4-sp/hard\libm.a(lib_a-w_asin.o)
                              Core/Src/rm_imu.o (asin)
c:/st/stm32cubeide_1.4.0/stm32cubeide/plugins/com.st.stm32cube.ide.mcu.externaltools.gnu-tools-for-stm32.7-2018-q2-update.win32_1.4.0.202007081208/tools/bin/../lib/gcc/arm-none-eabi/7.3.1/../../../../arm-none-eabi/lib/thumb/v7e-m/fpv4-sp/hard\libm.a(lib_a-w_atan2.o)
                              Core/Src/rm_imu.o (atan2)
[...]
Memory Configuration

Name             Origin             Length             Attributes
CCMRAM           0x0000000010000000 0x0000000000010000 xrw
RAM              0x0000000020000000 0x0000000000030000 xrw
FLASH            0x0000000008000000 0x0000000000200000 xr
*default*        0x0000000000000000 0xffffffffffffffff

Linker script and memory map

LOAD c:/st/stm32cubeide_1.4.0/stm32cubeide/plugins/com.st.stm32cube.ide.mcu.externaltools.gnu-tools-for-stm32.7-2018-q2-update.win32_1.4.0.202007081208/tools/bin/../lib/gcc/arm-none-eabi/7.3.1/thumb/v7e-m/fpv4-sp/hard/crti.o
LOAD c:/st/stm32cubeide_1.4.0/stm32cubeide/plugins/com.st.stm32cube.ide.mcu.externaltools.gnu-tools-for-stm32.7-2018-q2-update.win32_1.4.0.202007081208/tools/bin/../lib/gcc/arm-none-eabi/7.3.1/thumb/v7e-m/fpv4-sp/hard/crtbegin.o
LOAD c:/st/stm32cubeide_1.4.0/stm32cubeide/plugins/com.st.stm32cube.ide.mcu.externaltools.gnu-tools-for-stm32.7-2018-q2-update.win32_1.4.0.202007081208/tools/bin/../lib/gcc/arm-none-eabi/7.3.1/../../../../arm-none-eabi/lib/thumb/v7e-m/fpv4-sp/hard/crt0.o
LOAD Core/Src/main.o
LOAD Core/Src/pid.o
LOAD Core/Src/rm_can.o
LOAD Core/Src/rm_ctrl.o
LOAD Core/Src/rm_gpio.o
LOAD Core/Src/rm_imu.o
LOAD Core/Src/rm_pwm.o
LOAD Core/Src/rm_uart.o
LOAD Core/Src/stm32f4xx_hal_msp.o
LOAD Core/Src/stm32f4xx_it.o
LOAD Core/Src/syscalls.o
LOAD Core/Src/sysmem.o
LOAD Core/Src/system_stm32f4xx.o
LOAD Core/Startup/startup_stm32f427iihx.o
LOAD Drivers/STM32F4xx_HAL_Driver/Src/stm32f4xx_hal.o
LOAD Drivers/STM32F4xx_HAL_Driver/Src/stm32f4xx_hal_can.o
LOAD Drivers/STM32F4xx_HAL_Driver/Src/stm32f4xx_hal_cortex.o
LOAD Drivers/STM32F4xx_HAL_Driver/Src/stm32f4xx_hal_dma.o
LOAD Drivers/STM32F4xx_HAL_Driver/Src/stm32f4xx_hal_dma_ex.o
LOAD Drivers/STM32F4xx_HAL_Driver/Src/stm32f4xx_hal_exti.o
LOAD Drivers/STM32F4xx_HAL_Driver/Src/stm32f4xx_hal_flash.o
LOAD Drivers/STM32F4xx_HAL_Driver/Src/stm32f4xx_hal_flash_ex.o
LOAD Drivers/STM32F4xx_HAL_Driver/Src/stm32f4xx_hal_flash_ramfunc.o
LOAD Drivers/STM32F4xx_HAL_Driver/Src/stm32f4xx_hal_gpio.o
LOAD Drivers/STM32F4xx_HAL_Driver/Src/stm32f4xx_hal_pwr.o
LOAD Drivers/STM32F4xx_HAL_Driver/Src/stm32f4xx_hal_pwr_ex.o
LOAD Drivers/STM32F4xx_HAL_Driver/Src/stm32f4xx_hal_rcc.o
LOAD Drivers/STM32F4xx_HAL_Driver/Src/stm32f4xx_hal_rcc_ex.o
LOAD Drivers/STM32F4xx_HAL_Driver/Src/stm32f4xx_hal_spi.o
LOAD Drivers/STM32F4xx_HAL_Driver/Src/stm32f4xx_hal_tim.o
LOAD Drivers/STM32F4xx_HAL_Driver/Src/stm32f4xx_hal_tim_ex.o
LOAD Drivers/STM32F4xx_HAL_Driver/Src/stm32f4xx_hal_uart.o
START GROUP
LOAD c:/st/stm32cubeide_1.4.0/stm32cubeide/plugins/com.st.stm32cube.ide.mcu.externaltools.gnu-tools-for-stm32.7-2018-q2-update.win32_1.4.0.202007081208/tools/bin/../lib/gcc/arm-none-eabi/7.3.1/../../../../arm-none-eabi/lib/thumb/v7e-m/fpv4-sp/hard\libc_nano.a
LOAD c:/st/stm32cubeide_1.4.0/stm32cubeide/plugins/com.st.stm32cube.ide.mcu.externaltools.gnu-tools-for-stm32.7-2018-q2-update.win32_1.4.0.202007081208/tools/bin/../lib/gcc/arm-none-eabi/7.3.1/../../../../arm-none-eabi/lib/thumb/v7e-m/fpv4-sp/hard\libm.a
END GROUP
START GROUP
LOAD c:/st/stm32cubeide_1.4.0/stm32cubeide/plugins/com.st.stm32cube.ide.mcu.externaltools.gnu-tools-for-stm32.7-2018-q2-update.win32_1.4.0.202007081208/tools/bin/../lib/gcc/arm-none-eabi/7.3.1/thumb/v7e-m/fpv4-sp/hard\libgcc.a
LOAD c:/st/stm32cubeide_1.4.0/stm32cubeide/plugins/com.st.stm32cube.ide.mcu.externaltools.gnu-tools-for-stm32.7-2018-q2-update.win32_1.4.0.202007081208/tools/bin/../lib/gcc/arm-none-eabi/7.3.1/../../../../arm-none-eabi/lib/thumb/v7e-m/fpv4-sp/hard\libc_nano.a
END GROUP
START GROUP
LOAD c:/st/stm32cubeide_1.4.0/stm32cubeide/plugins/com.st.stm32cube.ide.mcu.externaltools.gnu-tools-for-stm32.7-2018-q2-update.win32_1.4.0.202007081208/tools/bin/../lib/gcc/arm-none-eabi/7.3.1/thumb/v7e-m/fpv4-sp/hard\libgcc.a
LOAD c:/st/stm32cubeide_1.4.0/stm32cubeide/plugins/com.st.stm32cube.ide.mcu.externaltools.gnu-tools-for-stm32.7-2018-q2-update.win32_1.4.0.202007081208/tools/bin/../lib/gcc/arm-none-eabi/7.3.1/../../../../arm-none-eabi/lib/thumb/v7e-m/fpv4-sp/hard\libc_nano.a
LOAD c:/st/stm32cubeide_1.4.0/stm32cubeide/plugins/com.st.stm32cube.ide.mcu.externaltools.gnu-tools-for-stm32.7-2018-q2-update.win32_1.4.0.202007081208/tools/bin/../lib/gcc/arm-none-eabi/7.3.1/../../../../arm-none-eabi/lib/thumb/v7e-m/fpv4-sp/hard\libnosys.a
END GROUP
START GROUP
LOAD c:/st/stm32cubeide_1.4.0/stm32cubeide/plugins/com.st.stm32cube.ide.mcu.externaltools.gnu-tools-for-stm32.7-2018-q2-update.win32_1.4.0.202007081208/tools/bin/../lib/gcc/arm-none-eabi/7.3.1/thumb/v7e-m/fpv4-sp/hard\libgcc.a
LOAD c:/st/stm32cubeide_1.4.0/stm32cubeide/plugins/com.st.stm32cube.ide.mcu.externaltools.gnu-tools-for-stm32.7-2018-q2-update.win32_1.4.0.202007081208/tools/bin/../lib/gcc/arm-none-eabi/7.3.1/../../../../arm-none-eabi/lib/thumb/v7e-m/fpv4-sp/hard\libc_nano.a
LOAD c:/st/stm32cubeide_1.4.0/stm32cubeide/plugins/com.st.stm32cube.ide.mcu.externaltools.gnu-tools-for-stm32.7-2018-q2-update.win32_1.4.0.202007081208/tools/bin/../lib/gcc/arm-none-eabi/7.3.1/../../../../arm-none-eabi/lib/thumb/v7e-m/fpv4-sp/hard\libnosys.a
END GROUP
LOAD c:/st/stm32cubeide_1.4.0/stm32cubeide/plugins/com.st.stm32cube.ide.mcu.externaltools.gnu-tools-for-stm32.7-2018-q2-update.win32_1.4.0.202007081208/tools/bin/../lib/gcc/arm-none-eabi/7.3.1/thumb/v7e-m/fpv4-sp/hard/crtend.o
LOAD c:/st/stm32cubeide_1.4.0/stm32cubeide/plugins/com.st.stm32cube.ide.mcu.externaltools.gnu-tools-for-stm32.7-2018-q2-update.win32_1.4.0.202007081208/tools/bin/../lib/gcc/arm-none-eabi/7.3.1/thumb/v7e-m/fpv4-sp/hard/crtn.o
                0x0000000020030000                _estack = (ORIGIN (RAM) + LENGTH (RAM))
                0x0000000000000200                _Min_Heap_Size = 0x200
                0x0000000000000400                _Min_Stack_Size = 0x400

.isr_vector     0x0000000008000000      0x1ac
                0x0000000008000000                . = ALIGN (0x4)
 *(.isr_vector)
 .isr_vector    0x0000000008000000      0x1ac Core/Startup/startup_stm32f427iihx.o
                0x0000000008000000                g_pfnVectors
                0x00000000080001ac                . = ALIGN (0x4)

.text           0x00000000080001b0     0x9320
                0x00000000080001b0                . = ALIGN (0x4)
 *(.text)
 .text          0x00000000080001b0       0x40 c:/st/stm32cubeide_1.4.0/stm32cubeide/plugins/com.st.stm32cube.ide.mcu.externaltools.gnu-tools-for-stm32.7-2018-q2-update.win32_1.4.0.202007081208/tools/bin/../lib/gcc/arm-none-eabi/7.3.1/thumb/v7e-m/fpv4-sp/hard/crtbegin.o
 .text          0x00000000080001f0      0x378 c:/st/stm32cubeide_1.4.0/stm32cubeide/plugins/com.st.stm32cube.ide.mcu.externaltools.gnu-tools-for-stm32.7-2018-q2-update.win32_1.4.0.202007081208/tools/bin/../lib/gcc/arm-none-eabi/7.3.1/thumb/v7e-m/fpv4-sp/hard\libgcc.a(_arm_addsubdf3.o)
                0x00000000080001f0                __aeabi_drsub
                0x00000000080001f8                __aeabi_dsub
                0x00000000080001f8                __subdf3
                0x00000000080001fc                __aeabi_dadd
                0x00000000080001fc                __adddf3
                0x0000000008000474                __floatunsidf
                0x0000000008000474                __aeabi_ui2d
                0x0000000008000494                __floatsidf
                0x0000000008000494                __aeabi_i2d
                0x00000000080004b8                __aeabi_f2d
                0x00000000080004b8                __extendsfdf2
                0x00000000080004fc                __floatundidf
                0x00000000080004fc                __aeabi_ul2d
                0x000000000800050c                __floatdidf
                0x000000000800050c                __aeabi_l2d
 .text          0x0000000008000568      0x424 c:/st/stm32cubeide_1.4.0/stm32cubeide/plugins/com.st.stm32cube.ide.mcu.externaltools.gnu-tools-for-stm32.7-2018-q2-update.win32_1.4.0.202007081208/tools/bin/../lib/gcc/arm-none-eabi/7.3.1/thumb/v7e-m/fpv4-sp/hard\libgcc.a(_arm_muldivdf3.o)
                0x0000000008000568                __aeabi_dmul
                0x0000000008000568                __muldf3
                0x00000000080007bc                __divdf3
                0x00000000080007bc                __aeabi_ddiv
 .text          0x000000000800098c      0x110 c:/st/stm32cubeide_1.4.0/stm32cubeide/plugins/com.st.stm32cube.ide.mcu.externaltools.gnu-tools-for-stm32.7-2018-q2-update.win32_1.4.0.202007081208/tools/bin/../lib/gcc/arm-none-eabi/7.3.1/thumb/v7e-m/fpv4-sp/hard\libgcc.a(_arm_cmpdf2.o)
                0x000000000800098c                __gtdf2
                0x000000000800098c                __gedf2
                0x0000000008000994                __ltdf2
                0x0000000008000994                __ledf2
                0x000000000800099c                __nedf2
                0x000000000800099c                __eqdf2
                0x000000000800099c                __cmpdf2
                0x0000000008000a18                __aeabi_cdrcmple
                0x0000000008000a28                __aeabi_cdcmpeq
                0x0000000008000a28                __aeabi_cdcmple
                0x0000000008000a38                __aeabi_dcmpeq
                0x0000000008000a4c                __aeabi_dcmplt
                0x0000000008000a60                __aeabi_dcmple
                0x0000000008000a74                __aeabi_dcmpge
                0x0000000008000a88                __aeabi_dcmpgt
 .text          0x0000000008000a9c       0x2c c:/st/stm32cubeide_1.4.0/stm32cubeide/plugins/com.st.stm32cube.ide.mcu.externaltools.gnu-tools-for-stm32.7-2018-q2-update.win32_1.4.0.202007081208/tools/bin/../lib/gcc/arm-none-eabi/7.3.1/thumb/v7e-m/fpv4-sp/hard\libgcc.a(_arm_unorddf2.o)
                0x0000000008000a9c                __unorddf2
                0x0000000008000a9c                __aeabi_dcmpun
 .text          0x0000000008000ac8       0x50 c:/st/stm32cubeide_1.4.0/stm32cubeide/plugins/com.st.stm32cube.ide.mcu.externaltools.gnu-tools-for-stm32.7-2018-q2-update.win32_1.4.0.202007081208/tools/bin/../lib/gcc/arm-none-eabi/7.3.1/thumb/v7e-m/fpv4-sp/hard\libgcc.a(_arm_fixdfsi.o)
                0x0000000008000ac8                __aeabi_d2iz
                0x0000000008000ac8                __fixdfsi
 .text          0x0000000008000b18       0xa0 c:/st/stm32cubeide_1.4.0/stm32cubeide/plugins/com.st.stm32cube.ide.mcu.externaltools.gnu-tools-for-stm32.7-2018-q2-update.win32_1.4.0.202007081208/tools/bin/../lib/gcc/arm-none-eabi/7.3.1/thumb/v7e-m/fpv4-sp/hard\libgcc.a(_arm_truncdfsf2.o)
                0x0000000008000b18                __truncdfsf2
                0x0000000008000b18                __aeabi_d2f
 .text          0x0000000008000bb8       0x30 c:/st/stm32cubeide_1.4.0/stm32cubeide/plugins/com.st.stm32cube.ide.mcu.externaltools.gnu-tools-for-stm32.7-2018-q2-update.win32_1.4.0.202007081208/tools/bin/../lib/gcc/arm-none-eabi/7.3.1/thumb/v7e-m/fpv4-sp/hard\libgcc.a(_aeabi_uldivmod.o)
                0x0000000008000bb8                __aeabi_uldivmod
 .text          0x0000000008000be8      0x2cc c:/st/stm32cubeide_1.4.0/stm32cubeide/plugins/com.st.stm32cube.ide.mcu.externaltools.gnu-tools-for-stm32.7-2018-q2-update.win32_1.4.0.202007081208/tools/bin/../lib/gcc/arm-none-eabi/7.3.1/thumb/v7e-m/fpv4-sp/hard\libgcc.a(_udivmoddi4.o)
                0x0000000008000be8                __udivmoddi4
 .text          0x0000000008000eb4        0x4 c:/st/stm32cubeide_1.4.0/stm32cubeide/plugins/com.st.stm32cube.ide.mcu.externaltools.gnu-tools-for-stm32.7-2018-q2-update.win32_1.4.0.202007081208/tools/bin/../lib/gcc/arm-none-eabi/7.3.1/thumb/v7e-m/fpv4-sp/hard\libgcc.a(_dvmd_tls.o)
                0x0000000008000eb4                __aeabi_idiv0
                0x0000000008000eb4                __aeabi_ldiv0
 *(.text*)
 .text.processController
                0x0000000008000eb8      0x35c Core/Src/main.o
                0x0000000008000eb8                processController
 .text.main     0x0000000008001214      0x180 Core/Src/main.o
                0x0000000008001214                main
 .text.SystemClock_Config
                0x0000000008001394       0xd4 Core/Src/main.o
                0x0000000008001394                SystemClock_Config
 .text.MX_CAN1_Init
                0x0000000008001468       0x6c Core/Src/main.o
 .text.MX_CAN2_Init
                0x00000000080014d4       0x6c Core/Src/main.o
 .text.MX_SPI5_Init
                0x0000000008001540       0x6c Core/Src/main.o
 .text.MX_TIM2_Init
                0x00000000080015ac       0xf4 Core/Src/main.o
 .text.MX_TIM3_Init
                0x00000000080016a0       0xb4 Core/Src/main.o
 .text.MX_TIM4_Init
                0x0000000008001754       0xf8 Core/Src/main.o
 .text.MX_TIM12_Init
                0x000000000800184c       0x8c Core/Src/main.o
 .text.MX_USART1_UART_Init
                0x00000000080018d8       0x58 Core/Src/main.o
 .text.MX_USART2_UART_Init
                0x0000000008001930       0x54 Core/Src/main.o
 .text.MX_USART6_UART_Init
                0x0000000008001984       0x54 Core/Src/main.o
 .text.MX_DMA_Init
                0x00000000080019d8       0x7c Core/Src/main.o
 .text.MX_GPIO_Init
                0x0000000008001a54      0x188 Core/Src/main.o
 .text.Error_Handler
                0x0000000008001bdc        0xe Core/Src/main.o
                0x0000000008001bdc                Error_Handler
 .text.PID_init
                0x0000000008001bea       0xaa Core/Src/pid.o
                0x0000000008001bea                PID_init
 .text.PID_calc
                0x0000000008001c94      0x290 Core/Src/pid.o
                0x0000000008001c94                PID_calc
 .text.can_filter_init
                0x0000000008001f24       0x74 Core/Src/rm_can.o
                0x0000000008001f24                can_filter_init
 .text.can_transmit
                0x0000000008001f98       0xae Core/Src/rm_can.o
                0x0000000008001f98                can_transmit
 *fill*         0x0000000008002046        0x2 
 .text.HAL_CAN_RxFifo0MsgPendingCallback
                0x0000000008002048       0x4c Core/Src/rm_can.o
                0x0000000008002048                HAL_CAN_RxFifo0MsgPendingCallback
 .text.get_motor_measure
                0x0000000008002094       0x76 Core/Src/rm_can.o
                0x0000000008002094                get_motor_measure
 *fill*         0x000000000800210a        0x2 
 .text.grand_pid_init
                0x000000000800210c      0x14c Core/Src/rm_ctrl.o
                0x000000000800210c                grand_pid_init
 .text.imu_calibration
                0x0000000008002258      0x214 Core/Src/rm_ctrl.o
                0x0000000008002258                imu_calibration
 .text.imu_temp_pid_ctrl
                0x000000000800246c       0x58 Core/Src/rm_ctrl.o
                0x000000000800246c                imu_temp_pid_ctrl
 .text.led_off  0x00000000080024c4       0x28 Core/Src/rm_gpio.o
                0x00000000080024c4                led_off
 .text.power_on
                0x00000000080024ec       0x18 Core/Src/rm_gpio.o
                0x00000000080024ec                power_on
 .text.inv_sqrt
                0x0000000008002504       0x78 Core/Src/rm_imu.o
                0x0000000008002504                inv_sqrt
 .text.mpu_write_byte
                0x000000000800257c       0x70 Core/Src/rm_imu.o
                0x000000000800257c                mpu_write_byte
 .text.mpu_read_byte
                0x00000000080025ec       0x68 Core/Src/rm_imu.o
                0x00000000080025ec                mpu_read_byte
 .text.mpu_read_bytes
                0x0000000008002654       0x7c Core/Src/rm_imu.o
                0x0000000008002654                mpu_read_bytes
 .text.ist_reg_write_by_mpu
                0x00000000080026d0       0x54 Core/Src/rm_imu.o
 .text.ist_reg_read_by_mpu
                0x0000000008002724       0x4a Core/Src/rm_imu.o
 .text.mpu_master_i2c_auto_read_config
                0x000000000800276e       0xac Core/Src/rm_imu.o
 *fill*         0x000000000800281a        0x2 
 .text.ist8310_init
                0x000000000800281c      0x120 Core/Src/rm_imu.o
                0x000000000800281c                ist8310_init
 .text.ist8310_get_data
                0x000000000800293c       0x1a Core/Src/rm_imu.o
                0x000000000800293c                ist8310_get_data
 *fill*         0x0000000008002956        0x2 
 .text.mpu_get_data
                0x0000000008002958      0x270 Core/Src/rm_imu.o
                0x0000000008002958                mpu_get_data
 .text.mpu_set_gyro_fsr
                0x0000000008002bc8       0x22 Core/Src/rm_imu.o
                0x0000000008002bc8                mpu_set_gyro_fsr
 .text.mpu_set_accel_fsr
                0x0000000008002bea       0x22 Core/Src/rm_imu.o
                0x0000000008002bea                mpu_set_accel_fsr
 .text.mpu_device_init
                0x0000000008002c0c       0xc8 Core/Src/rm_imu.o
                0x0000000008002c0c                mpu_device_init
 .text.mpu_offset_call
                0x0000000008002cd4      0x1b4 Core/Src/rm_imu.o
                0x0000000008002cd4                mpu_offset_call
 .text.init_quaternion
                0x0000000008002e88      0x278 Core/Src/rm_imu.o
                0x0000000008002e88                init_quaternion
 .text.imu_ahrs_update
                0x0000000008003100      0x940 Core/Src/rm_imu.o
                0x0000000008003100                imu_ahrs_update
 .text.imu_attitude_update
                0x0000000008003a40      0x210 Core/Src/rm_imu.o
                0x0000000008003a40                imu_attitude_update
 .text.pwm_imu_start
                0x0000000008003c50       0x14 Core/Src/rm_pwm.o
                0x0000000008003c50                pwm_imu_start
 .text.set_pwm_imu
                0x0000000008003c64       0x20 Core/Src/rm_pwm.o
                0x0000000008003c64                set_pwm_imu
 .text.set_pwm_buzzer
                0x0000000008003c84       0x20 Core/Src/rm_pwm.o
                0x0000000008003c84                set_pwm_buzzer
 .text.pwm_flywheel_start
                0x0000000008003ca4       0x1c Core/Src/rm_pwm.o
                0x0000000008003ca4                pwm_flywheel_start
 .text.set_pwm_flywheel
                0x0000000008003cc0       0x26 Core/Src/rm_pwm.o
                0x0000000008003cc0                set_pwm_flywheel
 .text.uart_receive_dma_no_it
                0x0000000008003ce6       0x76 Core/Src/rm_uart.o
 .text.dma_current_data_counter
                0x0000000008003d5c       0x1a Core/Src/rm_uart.o
                0x0000000008003d5c                dma_current_data_counter
 .text.rc_callback_handler
                0x0000000008003d76      0x220 Core/Src/rm_uart.o
                0x0000000008003d76                rc_callback_handler
 *fill*         0x0000000008003f96        0x2 
 .text.uart_rx_idle_callback
                0x0000000008003f98       0x8c Core/Src/rm_uart.o
 .text.uart_receive_handler
                0x0000000008004024       0x32 Core/Src/rm_uart.o
                0x0000000008004024                uart_receive_handler
 *fill*         0x0000000008004056        0x2 
 .text.dbus_uart_init
                0x0000000008004058       0x48 Core/Src/rm_uart.o
                0x0000000008004058                dbus_uart_init
 .text.HAL_MspInit
                0x00000000080040a0       0x50 Core/Src/stm32f4xx_hal_msp.o
                0x00000000080040a0                HAL_MspInit
 .text.HAL_CAN_MspInit
                0x00000000080040f0      0x180 Core/Src/stm32f4xx_hal_msp.o
                0x00000000080040f0                HAL_CAN_MspInit
 .text.HAL_SPI_MspInit
                0x0000000008004270       0x90 Core/Src/stm32f4xx_hal_msp.o
                0x0000000008004270                HAL_SPI_MspInit
 .text.HAL_TIM_PWM_MspInit
                0x0000000008004300       0xf0 Core/Src/stm32f4xx_hal_msp.o
                0x0000000008004300                HAL_TIM_PWM_MspInit
 .text.HAL_TIM_MspPostInit
                0x00000000080043f0      0x1b0 Core/Src/stm32f4xx_hal_msp.o
                0x00000000080043f0                HAL_TIM_MspPostInit
 .text.HAL_UART_MspInit
                0x00000000080045a0      0x2cc Core/Src/stm32f4xx_hal_msp.o
                0x00000000080045a0                HAL_UART_MspInit
 .text.NMI_Handler
                0x000000000800486c        0xe Core/Src/stm32f4xx_it.o
                0x000000000800486c                NMI_Handler
 .text.HardFault_Handler
                0x000000000800487a        0x6 Core/Src/stm32f4xx_it.o
                0x000000000800487a                HardFault_Handler
 .text.MemManage_Handler
                0x0000000008004880        0x6 Core/Src/stm32f4xx_it.o
                0x0000000008004880                MemManage_Handler
 .text.BusFault_Handler
                0x0000000008004886        0x6 Core/Src/stm32f4xx_it.o
                0x0000000008004886                BusFault_Handler
 .text.UsageFault_Handler
                0x000000000800488c        0x6 Core/Src/stm32f4xx_it.o
                0x000000000800488c                UsageFault_Handler
 .text.SVC_Handler
                0x0000000008004892        0xe Core/Src/stm32f4xx_it.o
                0x0000000008004892                SVC_Handler
 .text.DebugMon_Handler
                0x00000000080048a0        0xe Core/Src/stm32f4xx_it.o
                0x00000000080048a0                DebugMon_Handler
 .text.PendSV_Handler
                0x00000000080048ae        0xe Core/Src/stm32f4xx_it.o
                0x00000000080048ae                PendSV_Handler
 .text.SysTick_Handler
                0x00000000080048bc        0xc Core/Src/stm32f4xx_it.o
                0x00000000080048bc                SysTick_Handler
 .text.DMA1_Stream5_IRQHandler
                0x00000000080048c8       0x14 Core/Src/stm32f4xx_it.o
                0x00000000080048c8                DMA1_Stream5_IRQHandler
 .text.DMA1_Stream6_IRQHandler
                0x00000000080048dc       0x14 Core/Src/stm32f4xx_it.o
                0x00000000080048dc                DMA1_Stream6_IRQHandler
 .text.CAN1_TX_IRQHandler
                0x00000000080048f0       0x14 Core/Src/stm32f4xx_it.o
                0x00000000080048f0                CAN1_TX_IRQHandler
 .text.CAN1_RX0_IRQHandler
                0x0000000008004904       0x14 Core/Src/stm32f4xx_it.o
                0x0000000008004904                CAN1_RX0_IRQHandler
 .text.USART1_IRQHandler
                0x0000000008004918       0x18 Core/Src/stm32f4xx_it.o
                0x0000000008004918                USART1_IRQHandler
 .text.USART2_IRQHandler
                0x0000000008004930       0x14 Core/Src/stm32f4xx_it.o
                0x0000000008004930                USART2_IRQHandler
 .text.DMA2_Stream2_IRQHandler
                0x0000000008004944       0x14 Core/Src/stm32f4xx_it.o
                0x0000000008004944                DMA2_Stream2_IRQHandler
 .text.CAN2_TX_IRQHandler
                0x0000000008004958       0x14 Core/Src/stm32f4xx_it.o
                0x0000000008004958                CAN2_TX_IRQHandler
 .text.CAN2_RX0_IRQHandler
                0x000000000800496c       0x14 Core/Src/stm32f4xx_it.o
                0x000000000800496c                CAN2_RX0_IRQHandler
 .text.USART6_IRQHandler
                0x0000000008004980       0x14 Core/Src/stm32f4xx_it.o
                0x0000000008004980                USART6_IRQHandler
 .text.SystemInit
                0x0000000008004994       0x2c Core/Src/system_stm32f4xx.o
                0x0000000008004994                SystemInit
 .text.Reset_Handler
                0x00000000080049c0       0x50 Core/Startup/startup_stm32f427iihx.o
                0x00000000080049c0                Reset_Handler
 .text.Default_Handler
                0x0000000008004a10        0x2 Core/Startup/startup_stm32f427iihx.o
                0x0000000008004a10                RTC_Alarm_IRQHandler
                0x0000000008004a10                HASH_RNG_IRQHandler
                0x0000000008004a10                EXTI2_IRQHandler
                0x0000000008004a10                TIM8_CC_IRQHandler
                0x0000000008004a10                UART8_IRQHandler
                0x0000000008004a10                SPI4_IRQHandler
                0x0000000008004a10                TIM1_CC_IRQHandler
                0x0000000008004a10                DMA2_Stream5_IRQHandler
                0x0000000008004a10                PVD_IRQHandler
                0x0000000008004a10                SDIO_IRQHandler
                0x0000000008004a10                TAMP_STAMP_IRQHandler
                0x0000000008004a10                CAN2_RX1_IRQHandler
                0x0000000008004a10                EXTI3_IRQHandler
                0x0000000008004a10                TIM8_TRG_COM_TIM14_IRQHandler
                0x0000000008004a10                TIM1_UP_TIM10_IRQHandler
                0x0000000008004a10                TIM8_UP_TIM13_IRQHandler
                0x0000000008004a10                I2C3_ER_IRQHandler
                0x0000000008004a10                EXTI0_IRQHandler
                0x0000000008004a10                I2C2_EV_IRQHandler
                0x0000000008004a10                DMA1_Stream2_IRQHandler
                0x0000000008004a10                FPU_IRQHandler
                0x0000000008004a10                OTG_HS_WKUP_IRQHandler
                0x0000000008004a10                CAN2_SCE_IRQHandler
                0x0000000008004a10                SPI1_IRQHandler
                0x0000000008004a10                TIM6_DAC_IRQHandler
                0x0000000008004a10                TIM1_BRK_TIM9_IRQHandler
                0x0000000008004a10                DCMI_IRQHandler
                0x0000000008004a10                DMA2_Stream3_IRQHandler
                0x0000000008004a10                USART3_IRQHandler
                0x0000000008004a10                CAN1_RX1_IRQHandler
                0x0000000008004a10                UART5_IRQHandler
                0x0000000008004a10                DMA2_Stream0_IRQHandler
                0x0000000008004a10                TIM4_IRQHandler
                0x0000000008004a10                I2C1_EV_IRQHandler
                0x0000000008004a10                DMA1_Stream1_IRQHandler
                0x0000000008004a10                UART4_IRQHandler
                0x0000000008004a10                TIM3_IRQHandler
                0x0000000008004a10                RCC_IRQHandler
                0x0000000008004a10                TIM8_BRK_TIM12_IRQHandler
                0x0000000008004a10                Default_Handler
                0x0000000008004a10                EXTI15_10_IRQHandler
                0x0000000008004a10                ADC_IRQHandler
                0x0000000008004a10                DMA1_Stream7_IRQHandler
                0x0000000008004a10                SPI5_IRQHandler
                0x0000000008004a10                TIM7_IRQHandler
                0x0000000008004a10                TIM5_IRQHandler
                0x0000000008004a10                DMA2_Stream7_IRQHandler
                0x0000000008004a10                I2C3_EV_IRQHandler
                0x0000000008004a10                EXTI9_5_IRQHandler
                0x0000000008004a10                RTC_WKUP_IRQHandler
                0x0000000008004a10                ETH_WKUP_IRQHandler
                0x0000000008004a10                SPI2_IRQHandler
                0x0000000008004a10                OTG_HS_EP1_IN_IRQHandler
                0x0000000008004a10                DMA1_Stream0_IRQHandler
                0x0000000008004a10                EXTI4_IRQHandler
                0x0000000008004a10                ETH_IRQHandler
                0x0000000008004a10                OTG_HS_EP1_OUT_IRQHandler
                0x0000000008004a10                WWDG_IRQHandler
                0x0000000008004a10                SPI6_IRQHandler
                0x0000000008004a10                TIM2_IRQHandler
                0x0000000008004a10                OTG_FS_WKUP_IRQHandler
                0x0000000008004a10                TIM1_TRG_COM_TIM11_IRQHandler
                0x0000000008004a10                OTG_HS_IRQHandler
                0x0000000008004a10                DMA2D_IRQHandler
                0x0000000008004a10                EXTI1_IRQHandler
                0x0000000008004a10                UART7_IRQHandler
                0x0000000008004a10                I2C2_ER_IRQHandler
                0x0000000008004a10                DMA2_Stream1_IRQHandler
                0x0000000008004a10                CAN1_SCE_IRQHandler
                0x0000000008004a10                FLASH_IRQHandler
                0x0000000008004a10                DMA2_Stream4_IRQHandler
                0x0000000008004a10                OTG_FS_IRQHandler
                0x0000000008004a10                SPI3_IRQHandler
                0x0000000008004a10                DMA1_Stream4_IRQHandler
                0x0000000008004a10                I2C1_ER_IRQHandler
                0x0000000008004a10                FMC_IRQHandler
                0x0000000008004a10                DMA2_Stream6_IRQHandler
                0x0000000008004a10                SAI1_IRQHandler
                0x0000000008004a10                DMA1_Stream3_IRQHandler
 *fill*         0x0000000008004a12        0x2 
 .text.HAL_Init
                0x0000000008004a14       0x44 Drivers/STM32F4xx_HAL_Driver/Src/stm32f4xx_hal.o
                0x0000000008004a14                HAL_Init
 .text.HAL_InitTick
                0x0000000008004a58       0x60 Drivers/STM32F4xx_HAL_Driver/Src/stm32f4xx_hal.o
                0x0000000008004a58                HAL_InitTick
 .text.HAL_IncTick
                0x0000000008004ab8       0x28 Drivers/STM32F4xx_HAL_Driver/Src/stm32f4xx_hal.o
                0x0000000008004ab8                HAL_IncTick
 .text.HAL_GetTick
                0x0000000008004ae0       0x18 Drivers/STM32F4xx_HAL_Driver/Src/stm32f4xx_hal.o
                0x0000000008004ae0                HAL_GetTick
 .text.HAL_Delay
                0x0000000008004af8       0x44 Drivers/STM32F4xx_HAL_Driver/Src/stm32f4xx_hal.o
                0x0000000008004af8                HAL_Delay
 .text.HAL_CAN_Init
                0x0000000008004b3c      0x1f6 Drivers/STM32F4xx_HAL_Driver/Src/stm32f4xx_hal_can.o
                0x0000000008004b3c                HAL_CAN_Init
 *fill*         0x0000000008004d32        0x2 
 .text.HAL_CAN_ConfigFilter
                0x0000000008004d34      0x1c0 Drivers/STM32F4xx_HAL_Driver/Src/stm32f4xx_hal_can.o
                0x0000000008004d34                HAL_CAN_ConfigFilter
 .text.HAL_CAN_Start
                0x0000000008004ef4       0x88 Drivers/STM32F4xx_HAL_Driver/Src/stm32f4xx_hal_can.o
                0x0000000008004ef4                HAL_CAN_Start
 .text.HAL_CAN_AddTxMessage
                0x0000000008004f7c      0x1b6 Drivers/STM32F4xx_HAL_Driver/Src/stm32f4xx_hal_can.o
                0x0000000008004f7c                HAL_CAN_AddTxMessage
 .text.HAL_CAN_IsTxMessagePending
                0x0000000008005132       0x48 Drivers/STM32F4xx_HAL_Driver/Src/stm32f4xx_hal_can.o
                0x0000000008005132                HAL_CAN_IsTxMessagePending
 .text.HAL_CAN_GetRxMessage
                0x000000000800517a      0x224 Drivers/STM32F4xx_HAL_Driver/Src/stm32f4xx_hal_can.o
                0x000000000800517a                HAL_CAN_GetRxMessage
 .text.HAL_CAN_ActivateNotification
                0x000000000800539e       0x4c Drivers/STM32F4xx_HAL_Driver/Src/stm32f4xx_hal_can.o
                0x000000000800539e                HAL_CAN_ActivateNotification
 .text.HAL_CAN_IRQHandler
                0x00000000080053ea      0x362 Drivers/STM32F4xx_HAL_Driver/Src/stm32f4xx_hal_can.o
                0x00000000080053ea                HAL_CAN_IRQHandler
 .text.HAL_CAN_TxMailbox0CompleteCallback
                0x000000000800574c       0x14 Drivers/STM32F4xx_HAL_Driver/Src/stm32f4xx_hal_can.o
                0x000000000800574c                HAL_CAN_TxMailbox0CompleteCallback
 .text.HAL_CAN_TxMailbox1CompleteCallback
                0x0000000008005760       0x14 Drivers/STM32F4xx_HAL_Driver/Src/stm32f4xx_hal_can.o
                0x0000000008005760                HAL_CAN_TxMailbox1CompleteCallback
 .text.HAL_CAN_TxMailbox2CompleteCallback
                0x0000000008005774       0x14 Drivers/STM32F4xx_HAL_Driver/Src/stm32f4xx_hal_can.o
                0x0000000008005774                HAL_CAN_TxMailbox2CompleteCallback
 .text.HAL_CAN_TxMailbox0AbortCallback
                0x0000000008005788       0x14 Drivers/STM32F4xx_HAL_Driver/Src/stm32f4xx_hal_can.o
                0x0000000008005788                HAL_CAN_TxMailbox0AbortCallback
 .text.HAL_CAN_TxMailbox1AbortCallback
                0x000000000800579c       0x14 Drivers/STM32F4xx_HAL_Driver/Src/stm32f4xx_hal_can.o
                0x000000000800579c                HAL_CAN_TxMailbox1AbortCallback
 .text.HAL_CAN_TxMailbox2AbortCallback
                0x00000000080057b0       0x14 Drivers/STM32F4xx_HAL_Driver/Src/stm32f4xx_hal_can.o
                0x00000000080057b0                HAL_CAN_TxMailbox2AbortCallback
 .text.HAL_CAN_RxFifo0FullCallback
                0x00000000080057c4       0x14 Drivers/STM32F4xx_HAL_Driver/Src/stm32f4xx_hal_can.o
                0x00000000080057c4                HAL_CAN_RxFifo0FullCallback
 .text.HAL_CAN_RxFifo1MsgPendingCallback
                0x00000000080057d8       0x14 Drivers/STM32F4xx_HAL_Driver/Src/stm32f4xx_hal_can.o
                0x00000000080057d8                HAL_CAN_RxFifo1MsgPendingCallback
 .text.HAL_CAN_RxFifo1FullCallback
                0x00000000080057ec       0x14 Drivers/STM32F4xx_HAL_Driver/Src/stm32f4xx_hal_can.o
                0x00000000080057ec                HAL_CAN_RxFifo1FullCallback
 .text.HAL_CAN_SleepCallback
                0x0000000008005800       0x14 Drivers/STM32F4xx_HAL_Driver/Src/stm32f4xx_hal_can.o
                0x0000000008005800                HAL_CAN_SleepCallback
 .text.HAL_CAN_WakeUpFromRxMsgCallback
                0x0000000008005814       0x14 Drivers/STM32F4xx_HAL_Driver/Src/stm32f4xx_hal_can.o
                0x0000000008005814                HAL_CAN_WakeUpFromRxMsgCallback
 .text.HAL_CAN_ErrorCallback
                0x0000000008005828       0x14 Drivers/STM32F4xx_HAL_Driver/Src/stm32f4xx_hal_can.o
                0x0000000008005828                HAL_CAN_ErrorCallback
 .text.__NVIC_SetPriorityGrouping
                0x000000000800583c       0x48 Drivers/STM32F4xx_HAL_Driver/Src/stm32f4xx_hal_cortex.o
 .text.__NVIC_GetPriorityGrouping
                0x0000000008005884       0x1c Drivers/STM32F4xx_HAL_Driver/Src/stm32f4xx_hal_cortex.o
 .text.__NVIC_EnableIRQ
                0x00000000080058a0       0x3c Drivers/STM32F4xx_HAL_Driver/Src/stm32f4xx_hal_cortex.o
 .text.__NVIC_SetPriority
                0x00000000080058dc       0x54 Drivers/STM32F4xx_HAL_Driver/Src/stm32f4xx_hal_cortex.o
 .text.NVIC_EncodePriority
                0x0000000008005930       0x66 Drivers/STM32F4xx_HAL_Driver/Src/stm32f4xx_hal_cortex.o
 *fill*         0x0000000008005996        0x2 
 .text.SysTick_Config
                0x0000000008005998       0x44 Drivers/STM32F4xx_HAL_Driver/Src/stm32f4xx_hal_cortex.o
 .text.HAL_NVIC_SetPriorityGrouping
                0x00000000080059dc       0x16 Drivers/STM32F4xx_HAL_Driver/Src/stm32f4xx_hal_cortex.o
                0x00000000080059dc                HAL_NVIC_SetPriorityGrouping
 .text.HAL_NVIC_SetPriority
                0x00000000080059f2       0x38 Drivers/STM32F4xx_HAL_Driver/Src/stm32f4xx_hal_cortex.o
                0x00000000080059f2                HAL_NVIC_SetPriority
 .text.HAL_NVIC_EnableIRQ
                0x0000000008005a2a       0x1c Drivers/STM32F4xx_HAL_Driver/Src/stm32f4xx_hal_cortex.o
                0x0000000008005a2a                HAL_NVIC_EnableIRQ
 .text.HAL_SYSTICK_Config
                0x0000000008005a46       0x18 Drivers/STM32F4xx_HAL_Driver/Src/stm32f4xx_hal_cortex.o
                0x0000000008005a46                HAL_SYSTICK_Config
 *fill*         0x0000000008005a5e        0x2 
 .text.HAL_DMA_Init
                0x0000000008005a60      0x15c Drivers/STM32F4xx_HAL_Driver/Src/stm32f4xx_hal_dma.o
                0x0000000008005a60                HAL_DMA_Init
 .text.HAL_DMA_Start
                0x0000000008005bbc       0x76 Drivers/STM32F4xx_HAL_Driver/Src/stm32f4xx_hal_dma.o
                0x0000000008005bbc                HAL_DMA_Start
 .text.HAL_DMA_Abort_IT
                0x0000000008005c32       0x44 Drivers/STM32F4xx_HAL_Driver/Src/stm32f4xx_hal_dma.o
                0x0000000008005c32                HAL_DMA_Abort_IT
 *fill*         0x0000000008005c76        0x2 
 .text.HAL_DMA_IRQHandler
                0x0000000008005c78      0x314 Drivers/STM32F4xx_HAL_Driver/Src/stm32f4xx_hal_dma.o
                0x0000000008005c78                HAL_DMA_IRQHandler
 .text.DMA_SetConfig
                0x0000000008005f8c       0x5c Drivers/STM32F4xx_HAL_Driver/Src/stm32f4xx_hal_dma.o
 .text.DMA_CalcBaseAndBitshift
                0x0000000008005fe8       0x6c Drivers/STM32F4xx_HAL_Driver/Src/stm32f4xx_hal_dma.o
 .text.DMA_CheckFifoParam
                0x0000000008006054       0xf4 Drivers/STM32F4xx_HAL_Driver/Src/stm32f4xx_hal_dma.o
 .text.HAL_GPIO_Init
                0x0000000008006148      0x354 Drivers/STM32F4xx_HAL_Driver/Src/stm32f4xx_hal_gpio.o
                0x0000000008006148                HAL_GPIO_Init
 .text.HAL_GPIO_WritePin
                0x000000000800649c       0x32 Drivers/STM32F4xx_HAL_Driver/Src/stm32f4xx_hal_gpio.o
                0x000000000800649c                HAL_GPIO_WritePin
 .text.HAL_GPIO_TogglePin
                0x00000000080064ce       0x36 Drivers/STM32F4xx_HAL_Driver/Src/stm32f4xx_hal_gpio.o
                0x00000000080064ce                HAL_GPIO_TogglePin
 .text.HAL_RCC_OscConfig
                0x0000000008006504      0x4e0 Drivers/STM32F4xx_HAL_Driver/Src/stm32f4xx_hal_rcc.o
                0x0000000008006504                HAL_RCC_OscConfig
 .text.HAL_RCC_ClockConfig
                0x00000000080069e4      0x1cc Drivers/STM32F4xx_HAL_Driver/Src/stm32f4xx_hal_rcc.o
                0x00000000080069e4                HAL_RCC_ClockConfig
 .text.HAL_RCC_GetSysClockFreq
                0x0000000008006bb0      0x164 Drivers/STM32F4xx_HAL_Driver/Src/stm32f4xx_hal_rcc.o
                0x0000000008006bb0                HAL_RCC_GetSysClockFreq
 .text.HAL_RCC_GetHCLKFreq
                0x0000000008006d14       0x18 Drivers/STM32F4xx_HAL_Driver/Src/stm32f4xx_hal_rcc.o
                0x0000000008006d14                HAL_RCC_GetHCLKFreq
 .text.HAL_RCC_GetPCLK1Freq
                0x0000000008006d2c       0x28 Drivers/STM32F4xx_HAL_Driver/Src/stm32f4xx_hal_rcc.o
                0x0000000008006d2c                HAL_RCC_GetPCLK1Freq
 .text.HAL_RCC_GetPCLK2Freq
                0x0000000008006d54       0x28 Drivers/STM32F4xx_HAL_Driver/Src/stm32f4xx_hal_rcc.o
                0x0000000008006d54                HAL_RCC_GetPCLK2Freq
 .text.HAL_SPI_Init
                0x0000000008006d7c       0xc8 Drivers/STM32F4xx_HAL_Driver/Src/stm32f4xx_hal_spi.o
                0x0000000008006d7c                HAL_SPI_Init
 .text.HAL_SPI_TransmitReceive
                0x0000000008006e44      0x344 Drivers/STM32F4xx_HAL_Driver/Src/stm32f4xx_hal_spi.o
                0x0000000008006e44                HAL_SPI_TransmitReceive
 .text.SPI_WaitFlagStateUntilTimeout
                0x0000000008007188       0xd4 Drivers/STM32F4xx_HAL_Driver/Src/stm32f4xx_hal_spi.o
 .text.SPI_EndRxTxTransaction
                0x000000000800725c       0x84 Drivers/STM32F4xx_HAL_Driver/Src/stm32f4xx_hal_spi.o
 .text.HAL_TIM_PWM_Init
                0x00000000080072e0       0x56 Drivers/STM32F4xx_HAL_Driver/Src/stm32f4xx_hal_tim.o
                0x00000000080072e0                HAL_TIM_PWM_Init
 *fill*         0x0000000008007336        0x2 
 .text.HAL_TIM_PWM_Start
                0x0000000008007338       0x7c Drivers/STM32F4xx_HAL_Driver/Src/stm32f4xx_hal_tim.o
                0x0000000008007338                HAL_TIM_PWM_Start
 .text.HAL_TIM_PWM_ConfigChannel
                0x00000000080073b4      0x18c Drivers/STM32F4xx_HAL_Driver/Src/stm32f4xx_hal_tim.o
                0x00000000080073b4                HAL_TIM_PWM_ConfigChannel
 .text.TIM_Base_SetConfig
                0x0000000008007540      0x140 Drivers/STM32F4xx_HAL_Driver/Src/stm32f4xx_hal_tim.o
                0x0000000008007540                TIM_Base_SetConfig
 .text.TIM_OC1_SetConfig
                0x0000000008007680       0xe0 Drivers/STM32F4xx_HAL_Driver/Src/stm32f4xx_hal_tim.o
 .text.TIM_OC2_SetConfig
                0x0000000008007760       0xec Drivers/STM32F4xx_HAL_Driver/Src/stm32f4xx_hal_tim.o
                0x0000000008007760                TIM_OC2_SetConfig
 .text.TIM_OC3_SetConfig
                0x000000000800784c       0xe8 Drivers/STM32F4xx_HAL_Driver/Src/stm32f4xx_hal_tim.o
 .text.TIM_OC4_SetConfig
                0x0000000008007934       0xac Drivers/STM32F4xx_HAL_Driver/Src/stm32f4xx_hal_tim.o
 .text.TIM_CCxChannelCmd
                0x00000000080079e0       0x4a Drivers/STM32F4xx_HAL_Driver/Src/stm32f4xx_hal_tim.o
                0x00000000080079e0                TIM_CCxChannelCmd
 *fill*         0x0000000008007a2a        0x2 
 .text.HAL_TIMEx_MasterConfigSynchronization
                0x0000000008007a2c       0xf8 Drivers/STM32F4xx_HAL_Driver/Src/stm32f4xx_hal_tim_ex.o
                0x0000000008007a2c                HAL_TIMEx_MasterConfigSynchronization
 .text.HAL_UART_Init
                0x0000000008007b24       0x9a Drivers/STM32F4xx_HAL_Driver/Src/stm32f4xx_hal_uart.o
                0x0000000008007b24                HAL_UART_Init
 *fill*         0x0000000008007bbe        0x2 
 .text.HAL_UART_IRQHandler
                0x0000000008007bc0      0x200 Drivers/STM32F4xx_HAL_Driver/Src/stm32f4xx_hal_uart.o
                0x0000000008007bc0                HAL_UART_IRQHandler
 .text.HAL_UART_TxCpltCallback
                0x0000000008007dc0       0x14 Drivers/STM32F4xx_HAL_Driver/Src/stm32f4xx_hal_uart.o
                0x0000000008007dc0                HAL_UART_TxCpltCallback
 .text.HAL_UART_RxCpltCallback
                0x0000000008007dd4       0x14 Drivers/STM32F4xx_HAL_Driver/Src/stm32f4xx_hal_uart.o
                0x0000000008007dd4                HAL_UART_RxCpltCallback
 .text.HAL_UART_ErrorCallback
                0x0000000008007de8       0x14 Drivers/STM32F4xx_HAL_Driver/Src/stm32f4xx_hal_uart.o
                0x0000000008007de8                HAL_UART_ErrorCallback
 .text.UART_EndRxTransfer
                0x0000000008007dfc       0x3c Drivers/STM32F4xx_HAL_Driver/Src/stm32f4xx_hal_uart.o
 .text.UART_DMAAbortOnError
                0x0000000008007e38       0x28 Drivers/STM32F4xx_HAL_Driver/Src/stm32f4xx_hal_uart.o
 .text.UART_Transmit_IT
                0x0000000008007e60       0xac Drivers/STM32F4xx_HAL_Driver/Src/stm32f4xx_hal_uart.o
 .text.UART_EndTransmit_IT
                0x0000000008007f0c       0x30 Drivers/STM32F4xx_HAL_Driver/Src/stm32f4xx_hal_uart.o
 .text.UART_Receive_IT
                0x0000000008007f3c      0x102 Drivers/STM32F4xx_HAL_Driver/Src/stm32f4xx_hal_uart.o
 *fill*         0x000000000800803e        0x2 
 .text.UART_SetConfig
                0x0000000008008040      0x6f8 Drivers/STM32F4xx_HAL_Driver/Src/stm32f4xx_hal_uart.o
 .text.__errno  0x0000000008008738        0xc c:/st/stm32cubeide_1.4.0/stm32cubeide/plugins/com.st.stm32cube.ide.mcu.externaltools.gnu-tools-for-stm32.7-2018-q2-update.win32_1.4.0.202007081208/tools/bin/../lib/gcc/arm-none-eabi/7.3.1/../../../../arm-none-eabi/lib/thumb/v7e-m/fpv4-sp/hard\libc_nano.a(lib_a-errno.o)
                0x0000000008008738                __errno
 .text.__libc_init_array
                0x0000000008008744       0x48 c:/st/stm32cubeide_1.4.0/stm32cubeide/plugins/com.st.stm32cube.ide.mcu.externaltools.gnu-tools-for-stm32.7-2018-q2-update.win32_1.4.0.202007081208/tools/bin/../lib/gcc/arm-none-eabi/7.3.1/../../../../arm-none-eabi/lib/thumb/v7e-m/fpv4-sp/hard\libc_nano.a(lib_a-init.o)
                0x0000000008008744                __libc_init_array
 .text.memcpy   0x000000000800878c       0x16 c:/st/stm32cubeide_1.4.0/stm32cubeide/plugins/com.st.stm32cube.ide.mcu.externaltools.gnu-tools-for-stm32.7-2018-q2-update.win32_1.4.0.202007081208/tools/bin/../lib/gcc/arm-none-eabi/7.3.1/../../../../arm-none-eabi/lib/thumb/v7e-m/fpv4-sp/hard\libc_nano.a(lib_a-memcpy-stub.o)
                0x000000000800878c                memcpy
 .text.memset   0x00000000080087a2       0x10 c:/st/stm32cubeide_1.4.0/stm32cubeide/plugins/com.st.stm32cube.ide.mcu.externaltools.gnu-tools-for-stm32.7-2018-q2-update.win32_1.4.0.202007081208/tools/bin/../lib/gcc/arm-none-eabi/7.3.1/../../../../arm-none-eabi/lib/thumb/v7e-m/fpv4-sp/hard\libc_nano.a(lib_a-memset.o)
                0x00000000080087a2                memset
 .text.fmax     0x00000000080087b2       0x4e c:/st/stm32cubeide_1.4.0/stm32cubeide/plugins/com.st.stm32cube.ide.mcu.externaltools.gnu-tools-for-stm32.7-2018-q2-update.win32_1.4.0.202007081208/tools/bin/../lib/gcc/arm-none-eabi/7.3.1/../../../../arm-none-eabi/lib/thumb/v7e-m/fpv4-sp/hard\libm.a(lib_a-s_fmax.o)
                0x00000000080087b2                fmax
 .text.fmin     0x0000000008008800       0x4e c:/st/stm32cubeide_1.4.0/stm32cubeide/plugins/com.st.stm32cube.ide.mcu.externaltools.gnu-tools-for-stm32.7-2018-q2-update.win32_1.4.0.202007081208/tools/bin/../lib/gcc/arm-none-eabi/7.3.1/../../../../arm-none-eabi/lib/thumb/v7e-m/fpv4-sp/hard\libm.a(lib_a-s_fmin.o)
                0x0000000008008800                fmin
 *fill*         0x000000000800884e        0x2 
 .text.__fpclassifyd
                0x0000000008008850       0x58 c:/st/stm32cubeide_1.4.0/stm32cubeide/plugins/com.st.stm32cube.ide.mcu.externaltools.gnu-tools-for-stm32.7-2018-q2-update.win32_1.4.0.202007081208/tools/bin/../lib/gcc/arm-none-eabi/7.3.1/../../../../arm-none-eabi/lib/thumb/v7e-m/fpv4-sp/hard\libm.a(lib_a-s_fpclassify.o)
                0x0000000008008850                __fpclassifyd
 .text.asin     0x00000000080088a8       0xb0 c:/st/stm32cubeide_1.4.0/stm32cubeide/plugins/com.st.stm32cube.ide.mcu.externaltools.gnu-tools-for-stm32.7-2018-q2-update.win32_1.4.0.202007081208/tools/bin/../lib/gcc/arm-none-eabi/7.3.1/../../../../arm-none-eabi/lib/thumb/v7e-m/fpv4-sp/hard\libm.a(lib_a-w_asin.o)
                0x00000000080088a8                asin
 .text.atan2    0x0000000008008958        0x4 c:/st/stm32cubeide_1.4.0/stm32cubeide/plugins/com.st.stm32cube.ide.mcu.externaltools.gnu-tools-for-stm32.7-2018-q2-update.win32_1.4.0.202007081208/tools/bin/../lib/gcc/arm-none-eabi/7.3.1/../../../../arm-none-eabi/lib/thumb/v7e-m/fpv4-sp/hard\libm.a(lib_a-w_atan2.o)
                0x0000000008008958                atan2
 .text.sqrt     0x000000000800895c       0xb4 c:/st/stm32cubeide_1.4.0/stm32cubeide/plugins/com.st.stm32cube.ide.mcu.externaltools.gnu-tools-for-stm32.7-2018-q2-update.win32_1.4.0.202007081208/tools/bin/../lib/gcc/arm-none-eabi/7.3.1/../../../../arm-none-eabi/lib/thumb/v7e-m/fpv4-sp/hard\libm.a(lib_a-w_sqrt.o)
                0x000000000800895c                sqrt
 .text.__ieee754_asin
                0x0000000008008a10      0x420 c:/st/stm32cubeide_1.4.0/stm32cubeide/plugins/com.st.stm32cube.ide.mcu.externaltools.gnu-tools-for-stm32.7-2018-q2-update.win32_1.4.0.202007081208/tools/bin/../lib/gcc/arm-none-eabi/7.3.1/../../../../arm-none-eabi/lib/thumb/v7e-m/fpv4-sp/hard\libm.a(lib_a-e_asin.o)
                0x0000000008008a10                __ieee754_asin
 .text.__ieee754_atan2
                0x0000000008008e30      0x1bc c:/st/stm32cubeide_1.4.0/stm32cubeide/plugins/com.st.stm32cube.ide.mcu.externaltools.gnu-tools-for-stm32.7-2018-q2-update.win32_1.4.0.202007081208/tools/bin/../lib/gcc/arm-none-eabi/7.3.1/../../../../arm-none-eabi/lib/thumb/v7e-m/fpv4-sp/hard\libm.a(lib_a-e_atan2.o)
                0x0000000008008e30                __ieee754_atan2
 .text.__ieee754_sqrt
                0x0000000008008fec      0x160 c:/st/stm32cubeide_1.4.0/stm32cubeide/plugins/com.st.stm32cube.ide.mcu.externaltools.gnu-tools-for-stm32.7-2018-q2-update.win32_1.4.0.202007081208/tools/bin/../lib/gcc/arm-none-eabi/7.3.1/../../../../arm-none-eabi/lib/thumb/v7e-m/fpv4-sp/hard\libm.a(lib_a-e_sqrt.o)
                0x0000000008008fec                __ieee754_sqrt
 *fill*         0x000000000800914c        0x4 
 .text.atan     0x0000000008009150      0x340 c:/st/stm32cubeide_1.4.0/stm32cubeide/plugins/com.st.stm32cube.ide.mcu.externaltools.gnu-tools-for-stm32.7-2018-q2-update.win32_1.4.0.202007081208/tools/bin/../lib/gcc/arm-none-eabi/7.3.1/../../../../arm-none-eabi/lib/thumb/v7e-m/fpv4-sp/hard\libm.a(lib_a-s_atan.o)
                0x0000000008009150                atan
 .text.fabs     0x0000000008009490       0x12 c:/st/stm32cubeide_1.4.0/stm32cubeide/plugins/com.st.stm32cube.ide.mcu.externaltools.gnu-tools-for-stm32.7-2018-q2-update.win32_1.4.0.202007081208/tools/bin/../lib/gcc/arm-none-eabi/7.3.1/../../../../arm-none-eabi/lib/thumb/v7e-m/fpv4-sp/hard\libm.a(lib_a-s_fabs.o)
                0x0000000008009490                fabs
 .text.matherr  0x00000000080094a2        0x4 c:/st/stm32cubeide_1.4.0/stm32cubeide/plugins/com.st.stm32cube.ide.mcu.externaltools.gnu-tools-for-stm32.7-2018-q2-update.win32_1.4.0.202007081208/tools/bin/../lib/gcc/arm-none-eabi/7.3.1/../../../../arm-none-eabi/lib/thumb/v7e-m/fpv4-sp/hard\libm.a(lib_a-s_matherr.o)
                0x00000000080094a2                matherr
 *fill*         0x00000000080094a6        0x2 
 .text.nan      0x00000000080094a8       0x10 c:/st/stm32cubeide_1.4.0/stm32cubeide/plugins/com.st.stm32cube.ide.mcu.externaltools.gnu-tools-for-stm32.7-2018-q2-update.win32_1.4.0.202007081208/tools/bin/../lib/gcc/arm-none-eabi/7.3.1/../../../../arm-none-eabi/lib/thumb/v7e-m/fpv4-sp/hard\libm.a(lib_a-s_nan.o)
                0x00000000080094a8                nan
 *(.glue_7)
 .glue_7        0x00000000080094b8        0x0 linker stubs
 *(.glue_7t)
 .glue_7t       0x00000000080094b8        0x0 linker stubs
 *(.eh_frame)
 .eh_frame      0x00000000080094b8        0x0 c:/st/stm32cubeide_1.4.0/stm32cubeide/plugins/com.st.stm32cube.ide.mcu.externaltools.gnu-tools-for-stm32.7-2018-q2-update.win32_1.4.0.202007081208/tools/bin/../lib/gcc/arm-none-eabi/7.3.1/thumb/v7e-m/fpv4-sp/hard/crtbegin.o
 *(.init)
 .init          0x00000000080094b8        0x4 c:/st/stm32cubeide_1.4.0/stm32cubeide/plugins/com.st.stm32cube.ide.mcu.externaltools.gnu-tools-for-stm32.7-2018-q2-update.win32_1.4.0.202007081208/tools/bin/../lib/gcc/arm-none-eabi/7.3.1/thumb/v7e-m/fpv4-sp/hard/crti.o
                0x00000000080094b8                _init
 .init          0x00000000080094bc        0x8 c:/st/stm32cubeide_1.4.0/stm32cubeide/plugins/com.st.stm32cube.ide.mcu.externaltools.gnu-tools-for-stm32.7-2018-q2-update.win32_1.4.0.202007081208/tools/bin/../lib/gcc/arm-none-eabi/7.3.1/thumb/v7e-m/fpv4-sp/hard/crtn.o
 *(.fini)
 .fini          0x00000000080094c4        0x4 c:/st/stm32cubeide_1.4.0/stm32cubeide/plugins/com.st.stm32cube.ide.mcu.externaltools.gnu-tools-for-stm32.7-2018-q2-update.win32_1.4.0.202007081208/tools/bin/../lib/gcc/arm-none-eabi/7.3.1/thumb/v7e-m/fpv4-sp/hard/crti.o
                0x00000000080094c4                _fini
 .fini          0x00000000080094c8        0x8 c:/st/stm32cubeide_1.4.0/stm32cubeide/plugins/com.st.stm32cube.ide.mcu.externaltools.gnu-tools-for-stm32.7-2018-q2-update.win32_1.4.0.202007081208/tools/bin/../lib/gcc/arm-none-eabi/7.3.1/thumb/v7e-m/fpv4-sp/hard/crtn.o
                0x00000000080094d0                . = ALIGN (0x4)
                0x00000000080094d0                _etext = .

.vfp11_veneer   0x00000000080094d0        0x0
 .vfp11_veneer  0x00000000080094d0        0x0 linker stubs

.v4_bx          0x00000000080094d0        0x0
 .v4_bx         0x00000000080094d0        0x0 linker stubs

.iplt           0x00000000080094d0        0x0
 .iplt          0x00000000080094d0        0x0 c:/st/stm32cubeide_1.4.0/stm32cubeide/plugins/com.st.stm32cube.ide.mcu.externaltools.gnu-tools-for-stm32.7-2018-q2-update.win32_1.4.0.202007081208/tools/bin/../lib/gcc/arm-none-eabi/7.3.1/thumb/v7e-m/fpv4-sp/hard/crtbegin.o

.rodata         0x00000000080094d0       0xe8
                0x00000000080094d0                . = ALIGN (0x4)
 *(.rodata)
 *(.rodata*)
 .rodata.imu_temp_PID
                0x00000000080094d0        0xc Core/Src/rm_ctrl.o
                0x00000000080094d0                imu_temp_PID
 .rodata.wheels_rpm_PID
                0x00000000080094dc        0xc Core/Src/rm_ctrl.o
                0x00000000080094dc                wheels_rpm_PID
 .rodata.yaw_deg_imu_PID
                0x00000000080094e8        0xc Core/Src/rm_ctrl.o
                0x00000000080094e8                yaw_deg_imu_PID
 .rodata.yaw_rpm_imu_PID
                0x00000000080094f4        0xc Core/Src/rm_ctrl.o
                0x00000000080094f4                yaw_rpm_imu_PID
 .rodata.yaw_pos_ecd_PID
                0x0000000008009500        0xc Core/Src/rm_ctrl.o
                0x0000000008009500                yaw_pos_ecd_PID
 .rodata.yaw_rpm_ecd_PID
                0x000000000800950c        0xc Core/Src/rm_ctrl.o
                0x000000000800950c                yaw_rpm_ecd_PID
 .rodata.pit_deg_imu_PID
                0x0000000008009518        0xc Core/Src/rm_ctrl.o
                0x0000000008009518                pit_deg_imu_PID
 .rodata.pit_rpm_imu_PID
                0x0000000008009524        0xc Core/Src/rm_ctrl.o
                0x0000000008009524                pit_rpm_imu_PID
 .rodata.pit_pos_ecd_PID
                0x0000000008009530        0xc Core/Src/rm_ctrl.o
                0x0000000008009530                pit_pos_ecd_PID
 .rodata.pit_rpm_ecd_PID
                0x000000000800953c        0xc Core/Src/rm_ctrl.o
                0x000000000800953c                pit_rpm_ecd_PID
 .rodata.AHBPrescTable
                0x0000000008009548       0x10 Core/Src/system_stm32f4xx.o
                0x0000000008009548                AHBPrescTable
 .rodata.APBPrescTable
                0x0000000008009558        0x8 Core/Src/system_stm32f4xx.o
                0x0000000008009558                APBPrescTable
 .rodata.flagBitshiftOffset.8483
                0x0000000008009560        0x8 Drivers/STM32F4xx_HAL_Driver/Src/stm32f4xx_hal_dma.o
 .rodata.asin.str1.1
                0x0000000008009568        0x5 c:/st/stm32cubeide_1.4.0/stm32cubeide/plugins/com.st.stm32cube.ide.mcu.externaltools.gnu-tools-for-stm32.7-2018-q2-update.win32_1.4.0.202007081208/tools/bin/../lib/gcc/arm-none-eabi/7.3.1/../../../../arm-none-eabi/lib/thumb/v7e-m/fpv4-sp/hard\libm.a(lib_a-w_asin.o)
                                          0x6 (size before relaxing)
 .rodata.sqrt.str1.1
                0x000000000800956d        0x5 c:/st/stm32cubeide_1.4.0/stm32cubeide/plugins/com.st.stm32cube.ide.mcu.externaltools.gnu-tools-for-stm32.7-2018-q2-update.win32_1.4.0.202007081208/tools/bin/../lib/gcc/arm-none-eabi/7.3.1/../../../../arm-none-eabi/lib/thumb/v7e-m/fpv4-sp/hard\libm.a(lib_a-w_sqrt.o)
 *fill*         0x0000000008009572        0x6 
 .rodata.atanhi
                0x0000000008009578       0x20 c:/st/stm32cubeide_1.4.0/stm32cubeide/plugins/com.st.stm32cube.ide.mcu.externaltools.gnu-tools-for-stm32.7-2018-q2-update.win32_1.4.0.202007081208/tools/bin/../lib/gcc/arm-none-eabi/7.3.1/../../../../arm-none-eabi/lib/thumb/v7e-m/fpv4-sp/hard\libm.a(lib_a-s_atan.o)
 .rodata.atanlo
                0x0000000008009598       0x20 c:/st/stm32cubeide_1.4.0/stm32cubeide/plugins/com.st.stm32cube.ide.mcu.externaltools.gnu-tools-for-stm32.7-2018-q2-update.win32_1.4.0.202007081208/tools/bin/../lib/gcc/arm-none-eabi/7.3.1/../../../../arm-none-eabi/lib/thumb/v7e-m/fpv4-sp/hard\libm.a(lib_a-s_atan.o)
                0x00000000080095b8                . = ALIGN (0x4)

.ARM.extab      0x00000000080095b8        0x0
                0x00000000080095b8                . = ALIGN (0x4)
 *(.ARM.extab* .gnu.linkonce.armextab.*)
                0x00000000080095b8                . = ALIGN (0x4)

.ARM            0x00000000080095b8        0x8
                0x00000000080095b8                . = ALIGN (0x4)
                0x00000000080095b8                __exidx_start = .
 *(.ARM.exidx*)
 .ARM.exidx     0x00000000080095b8        0x8 c:/st/stm32cubeide_1.4.0/stm32cubeide/plugins/com.st.stm32cube.ide.mcu.externaltools.gnu-tools-for-stm32.7-2018-q2-update.win32_1.4.0.202007081208/tools/bin/../lib/gcc/arm-none-eabi/7.3.1/thumb/v7e-m/fpv4-sp/hard\libgcc.a(_udivmoddi4.o)
                0x00000000080095c0                __exidx_end = .
                0x00000000080095c0                . = ALIGN (0x4)

.rel.dyn        0x00000000080095c0        0x0
 .rel.iplt      0x00000000080095c0        0x0 c:/st/stm32cubeide_1.4.0/stm32cubeide/plugins/com.st.stm32cube.ide.mcu.externaltools.gnu-tools-for-stm32.7-2018-q2-update.win32_1.4.0.202007081208/tools/bin/../lib/gcc/arm-none-eabi/7.3.1/thumb/v7e-m/fpv4-sp/hard/crtbegin.o

.preinit_array  0x00000000080095c0        0x0
                0x00000000080095c0                . = ALIGN (0x4)
                0x00000000080095c0                PROVIDE (__preinit_array_start = .)
 *(.preinit_array*)
                0x00000000080095c0                PROVIDE (__preinit_array_end = .)
                0x00000000080095c0                . = ALIGN (0x4)

.init_array     0x00000000080095c0        0x4
                0x00000000080095c0                . = ALIGN (0x4)
                0x00000000080095c0                PROVIDE (__init_array_start = .)
 *(SORT_BY_NAME(.init_array.*))
 *(.init_array*)
 .init_array    0x00000000080095c0        0x4 c:/st/stm32cubeide_1.4.0/stm32cubeide/plugins/com.st.stm32cube.ide.mcu.externaltools.gnu-tools-for-stm32.7-2018-q2-update.win32_1.4.0.202007081208/tools/bin/../lib/gcc/arm-none-eabi/7.3.1/thumb/v7e-m/fpv4-sp/hard/crtbegin.o
                0x00000000080095c4                PROVIDE (__init_array_end = .)
                0x00000000080095c4                . = ALIGN (0x4)

.fini_array     0x00000000080095c4        0x4
                0x00000000080095c4                . = ALIGN (0x4)
                [!provide]                        PROVIDE (__fini_array_start = .)
 *(SORT_BY_NAME(.fini_array.*))
 *(.fini_array*)
 .fini_array    0x00000000080095c4        0x4 c:/st/stm32cubeide_1.4.0/stm32cubeide/plugins/com.st.stm32cube.ide.mcu.externaltools.gnu-tools-for-stm32.7-2018-q2-update.win32_1.4.0.202007081208/tools/bin/../lib/gcc/arm-none-eabi/7.3.1/thumb/v7e-m/fpv4-sp/hard/crtbegin.o
                [!provide]                        PROVIDE (__fini_array_end = .)
                0x00000000080095c8                . = ALIGN (0x4)
                0x00000000080095c8                _sidata = LOADADDR (.data)

.data           0x0000000020000000       0x88 load address 0x00000000080095c8
                0x0000000020000000                . = ALIGN (0x4)
                0x0000000020000000                _sdata = .
 *(.data)
 *(.data*)
 .data.q0       0x0000000020000000        0x4 Core/Src/rm_imu.o
                0x0000000020000000                q0
 .data.tx_buff  0x0000000020000004        0xe Core/Src/rm_imu.o
 *fill*         0x0000000020000012        0x2 
 .data.SystemCoreClock
                0x0000000020000014        0x4 Core/Src/system_stm32f4xx.o
                0x0000000020000014                SystemCoreClock
 .data.uwTickPrio
                0x0000000020000018        0x4 Drivers/STM32F4xx_HAL_Driver/Src/stm32f4xx_hal.o
                0x0000000020000018                uwTickPrio
 .data.uwTickFreq
                0x000000002000001c        0x1 Drivers/STM32F4xx_HAL_Driver/Src/stm32f4xx_hal.o
                0x000000002000001c                uwTickFreq
 *fill*         0x000000002000001d        0x3 
 .data._impure_ptr
                0x0000000020000020        0x4 c:/st/stm32cubeide_1.4.0/stm32cubeide/plugins/com.st.stm32cube.ide.mcu.externaltools.gnu-tools-for-stm32.7-2018-q2-update.win32_1.4.0.202007081208/tools/bin/../lib/gcc/arm-none-eabi/7.3.1/../../../../arm-none-eabi/lib/thumb/v7e-m/fpv4-sp/hard\libc_nano.a(lib_a-impure.o)
                0x0000000020000020                _impure_ptr
 .data.impure_data
                0x0000000020000024       0x60 c:/st/stm32cubeide_1.4.0/stm32cubeide/plugins/com.st.stm32cube.ide.mcu.externaltools.gnu-tools-for-stm32.7-2018-q2-update.win32_1.4.0.202007081208/tools/bin/../lib/gcc/arm-none-eabi/7.3.1/../../../../arm-none-eabi/lib/thumb/v7e-m/fpv4-sp/hard\libc_nano.a(lib_a-impure.o)
 .data.__fdlib_version
                0x0000000020000084        0x1 c:/st/stm32cubeide_1.4.0/stm32cubeide/plugins/com.st.stm32cube.ide.mcu.externaltools.gnu-tools-for-stm32.7-2018-q2-update.win32_1.4.0.202007081208/tools/bin/../lib/gcc/arm-none-eabi/7.3.1/../../../../arm-none-eabi/lib/thumb/v7e-m/fpv4-sp/hard\libm.a(lib_a-s_lib_ver.o)
                0x0000000020000084                __fdlib_version
                0x0000000020000088                . = ALIGN (0x4)
 *fill*         0x0000000020000085        0x3 
                0x0000000020000088                _edata = .

.igot.plt       0x0000000020000088        0x0 load address 0x0000000008009650
 .igot.plt      0x0000000020000088        0x0 c:/st/stm32cubeide_1.4.0/stm32cubeide/plugins/com.st.stm32cube.ide.mcu.externaltools.gnu-tools-for-stm32.7-2018-q2-update.win32_1.4.0.202007081208/tools/bin/../lib/gcc/arm-none-eabi/7.3.1/thumb/v7e-m/fpv4-sp/hard/crtbegin.o
                0x0000000020000088                . = ALIGN (0x4)

.bss            0x0000000020000088      0x9a0 load address 0x0000000008009650
                0x0000000020000088                _sbss = .
                0x0000000020000088                __bss_start__ = _sbss
 *(.bss)
 .bss           0x0000000020000088       0x1c c:/st/stm32cubeide_1.4.0/stm32cubeide/plugins/com.st.stm32cube.ide.mcu.externaltools.gnu-tools-for-stm32.7-2018-q2-update.win32_1.4.0.202007081208/tools/bin/../lib/gcc/arm-none-eabi/7.3.1/thumb/v7e-m/fpv4-sp/hard/crtbegin.o
 *(.bss*)
 .bss.yaw_target
                0x00000000200000a4        0x4 Core/Src/main.o
                0x00000000200000a4                yaw_target
 .bss.pit_target
                0x00000000200000a8        0x4 Core/Src/main.o
                0x00000000200000a8                pit_target
 .bss.q1        0x00000000200000ac        0x4 Core/Src/rm_imu.o
                0x00000000200000ac                q1
 .bss.q2        0x00000000200000b0        0x4 Core/Src/rm_imu.o
                0x00000000200000b0                q2
 .bss.q3        0x00000000200000b4        0x4 Core/Src/rm_imu.o
                0x00000000200000b4                q3
 .bss.gx        0x00000000200000b8        0x4 Core/Src/rm_imu.o
 .bss.gy        0x00000000200000bc        0x4 Core/Src/rm_imu.o
 .bss.gz        0x00000000200000c0        0x4 Core/Src/rm_imu.o
 .bss.ax        0x00000000200000c4        0x4 Core/Src/rm_imu.o
 .bss.ay        0x00000000200000c8        0x4 Core/Src/rm_imu.o
 .bss.az        0x00000000200000cc        0x4 Core/Src/rm_imu.o
 .bss.mx        0x00000000200000d0        0x4 Core/Src/rm_imu.o
 .bss.my        0x00000000200000d4        0x4 Core/Src/rm_imu.o
 .bss.mz        0x00000000200000d8        0x4 Core/Src/rm_imu.o
 .bss.tx        0x00000000200000dc        0x1 Core/Src/rm_imu.o
 .bss.rx        0x00000000200000dd        0x1 Core/Src/rm_imu.o
 *fill*         0x00000000200000de        0x2 
 .bss.imu       0x00000000200000e0       0x54 Core/Src/rm_imu.o
                0x00000000200000e0                imu
 .bss.HAL_RCC_CAN1_CLK_ENABLED
                0x0000000020000134        0x4 Core/Src/stm32f4xx_hal_msp.o
 *(COMMON)
 COMMON         0x0000000020000138      0x466 Core/Src/main.o
                0x0000000020000138                hdma_usart2_rx
                0x0000000020000198                hspi5
                0x00000000200001f0                htim4
                0x0000000020000230                flywheel_speed
                0x0000000020000232                LF_curr
                0x0000000020000234                htim3
                0x0000000020000274                LB_curr
                0x0000000020000278                hcan2
                0x00000000200002a0                hdma_usart1_rx
                0x0000000020000300                hdma_usart2_tx
                0x0000000020000360                huart1
                0x00000000200003a0                gimbal_yaw
                0x00000000200003a2                gimbal_pitch
                0x00000000200003a4                count
                0x00000000200003a8                huart6
                0x00000000200003e8                buf
                0x00000000200004b0                htim2
                0x00000000200004f0                huart2
                0x0000000020000530                hcan1
                0x0000000020000558                htim12
                0x0000000020000598                RB_curr
                0x000000002000059a                yaw_ecd
                0x000000002000059c                RF_curr
 *fill*         0x000000002000059e        0x2 
 COMMON         0x00000000200005a0       0x54 Core/Src/rm_can.o
                0x00000000200005a0                motors
 COMMON         0x00000000200005f4      0x3a8 Core/Src/rm_ctrl.o
                0x00000000200005f4                yaw_rpm_imu_pid
                0x000000002000063c                pit_rpm_imu_pid
                0x0000000020000684                imu_temp_pid
                0x00000000200006cc                yaw_rpm_ecd_pid
                0x0000000020000714                pit_pos_ecd_pid
                0x000000002000075c                pit_rpm_ecd_pid
                0x00000000200007a4                yaw_pos_ecd_pid
                0x00000000200007ec                wheels_rpm_pid
                0x000000002000090c                yaw_deg_imu_pid
                0x0000000020000954                pit_deg_imu_pid
 COMMON         0x000000002000099c       0x4c Core/Src/rm_imu.o
                0x000000002000099c                exInt
                0x00000000200009a0                ist_buff
                0x00000000200009a6                id
                0x00000000200009a8                now_update
                0x00000000200009ac                eyInt
                0x00000000200009b0                mpu_data
                0x00000000200009d0                mpu_buff
                0x00000000200009e0                ezInt
                0x00000000200009e4                last_update
 COMMON         0x00000000200009e8       0x3c Core/Src/rm_uart.o
                0x00000000200009e8                rc
                0x0000000020000a00                dbus_buf
 COMMON         0x0000000020000a24        0x4 Drivers/STM32F4xx_HAL_Driver/Src/stm32f4xx_hal.o
                0x0000000020000a24                uwTick
                0x0000000020000a28                . = ALIGN (0x4)
                0x0000000020000a28                _ebss = .
                0x0000000020000a28                __bss_end__ = _ebss

._user_heap_stack
                0x0000000020000a28      0x600 load address 0x0000000008009650
                0x0000000020000a28                . = ALIGN (0x8)
                0x0000000020000a28                PROVIDE (end = .)
                [!provide]                        PROVIDE (_end = .)
                0x0000000020000c28                . = (. + _Min_Heap_Size)
 *fill*         0x0000000020000a28      0x200 
                0x0000000020001028                . = (. + _Min_Stack_Size)
 *fill*         0x0000000020000c28      0x400 
                0x0000000020001028                . = ALIGN (0x8)

/DISCARD/
 libc.a(*)
 libm.a(*)
 libgcc.a(*)

.ARM.attributes
                0x0000000000000000       0x30
 *(.ARM.attributes)
 .ARM.attributes
                0x0000000000000000       0x22 c:/st/stm32cubeide_1.4.0/stm32cubeide/plugins/com.st.stm32cube.ide.mcu.externaltools.gnu-tools-for-stm32.7-2018-q2-update.win32_1.4.0.202007081208/tools/bin/../lib/gcc/arm-none-eabi/7.3.1/thumb/v7e-m/fpv4-sp/hard/crti.o
 .ARM.attributes
                0x0000000000000022       0x34 c:/st/stm32cubeide_1.4.0/stm32cubeide/plugins/com.st.stm32cube.ide.mcu.externaltools.gnu-tools-for-stm32.7-2018-q2-update.win32_1.4.0.202007081208/tools/bin/../lib/gcc/arm-none-eabi/7.3.1/thumb/v7e-m/fpv4-sp/hard/crtbegin.o
 .ARM.attributes
                0x0000000000000056       0x39 Core/Src/main.o
 .ARM.attributes
                0x000000000000008f       0x39 Core/Src/pid.o
 .ARM.attributes
                0x00000000000000c8       0x39 Core/Src/rm_can.o
 .ARM.attributes
                0x0000000000000101       0x39 Core/Src/rm_ctrl.o
 .ARM.attributes
                0x000000000000013a       0x39 Core/Src/rm_gpio.o
 .ARM.attributes
                0x0000000000000173       0x39 Core/Src/rm_imu.o
 .ARM.attributes
                0x00000000000001ac       0x39 Core/Src/rm_pwm.o
 .ARM.attributes
                0x00000000000001e5       0x39 Core/Src/rm_uart.o
 .ARM.attributes
                0x000000000000021e       0x39 Core/Src/stm32f4xx_hal_msp.o
 .ARM.attributes
                0x0000000000000257       0x39 Core/Src/stm32f4xx_it.o
 .ARM.attributes
                0x0000000000000290       0x39 Core/Src/system_stm32f4xx.o
 .ARM.attributes
                0x00000000000002c9       0x21 Core/Startup/startup_stm32f427iihx.o
 .ARM.attributes
                0x00000000000002ea       0x39 Drivers/STM32F4xx_HAL_Driver/Src/stm32f4xx_hal.o
 .ARM.attributes
                0x0000000000000323       0x39 Drivers/STM32F4xx_HAL_Driver/Src/stm32f4xx_hal_can.o
 .ARM.attributes
                0x000000000000035c       0x39 Drivers/STM32F4xx_HAL_Driver/Src/stm32f4xx_hal_cortex.o
 .ARM.attributes
                0x0000000000000395       0x39 Drivers/STM32F4xx_HAL_Driver/Src/stm32f4xx_hal_dma.o
 .ARM.attributes
                0x00000000000003ce       0x39 Drivers/STM32F4xx_HAL_Driver/Src/stm32f4xx_hal_gpio.o
 .ARM.attributes
                0x0000000000000407       0x39 Drivers/STM32F4xx_HAL_Driver/Src/stm32f4xx_hal_rcc.o
 .ARM.attributes
                0x0000000000000440       0x39 Drivers/STM32F4xx_HAL_Driver/Src/stm32f4xx_hal_spi.o
 .ARM.attributes
                0x0000000000000479       0x39 Drivers/STM32F4xx_HAL_Driver/Src/stm32f4xx_hal_tim.o
 .ARM.attributes
                0x00000000000004b2       0x39 Drivers/STM32F4xx_HAL_Driver/Src/stm32f4xx_hal_tim_ex.o
 .ARM.attributes
                0x00000000000004eb       0x39 Drivers/STM32F4xx_HAL_Driver/Src/stm32f4xx_hal_uart.o
 .ARM.attributes
                0x0000000000000524       0x34 c:/st/stm32cubeide_1.4.0/stm32cubeide/plugins/com.st.stm32cube.ide.mcu.externaltools.gnu-tools-for-stm32.7-2018-q2-update.win32_1.4.0.202007081208/tools/bin/../lib/gcc/arm-none-eabi/7.3.1/../../../../arm-none-eabi/lib/thumb/v7e-m/fpv4-sp/hard\libc_nano.a(lib_a-errno.o)
 .ARM.attributes
                0x0000000000000558       0x34 c:/st/stm32cubeide_1.4.0/stm32cubeide/plugins/com.st.stm32cube.ide.mcu.externaltools.gnu-tools-for-stm32.7-2018-q2-update.win32_1.4.0.202007081208/tools/bin/../lib/gcc/arm-none-eabi/7.3.1/../../../../arm-none-eabi/lib/thumb/v7e-m/fpv4-sp/hard\libc_nano.a(lib_a-impure.o)
 .ARM.attributes
                0x000000000000058c       0x34 c:/st/stm32cubeide_1.4.0/stm32cubeide/plugins/com.st.stm32cube.ide.mcu.externaltools.gnu-tools-for-stm32.7-2018-q2-update.win32_1.4.0.202007081208/tools/bin/../lib/gcc/arm-none-eabi/7.3.1/../../../../arm-none-eabi/lib/thumb/v7e-m/fpv4-sp/hard\libc_nano.a(lib_a-init.o)
 .ARM.attributes
                0x00000000000005c0       0x34 c:/st/stm32cubeide_1.4.0/stm32cubeide/plugins/com.st.stm32cube.ide.mcu.externaltools.gnu-tools-for-stm32.7-2018-q2-update.win32_1.4.0.202007081208/tools/bin/../lib/gcc/arm-none-eabi/7.3.1/../../../../arm-none-eabi/lib/thumb/v7e-m/fpv4-sp/hard\libc_nano.a(lib_a-memcpy-stub.o)
 .ARM.attributes
                0x00000000000005f4       0x34 c:/st/stm32cubeide_1.4.0/stm32cubeide/plugins/com.st.stm32cube.ide.mcu.externaltools.gnu-tools-for-stm32.7-2018-q2-update.win32_1.4.0.202007081208/tools/bin/../lib/gcc/arm-none-eabi/7.3.1/../../../../arm-none-eabi/lib/thumb/v7e-m/fpv4-sp/hard\libc_nano.a(lib_a-memset.o)
 .ARM.attributes
                0x0000000000000628       0x34 c:/st/stm32cubeide_1.4.0/stm32cubeide/plugins/com.st.stm32cube.ide.mcu.externaltools.gnu-tools-for-stm32.7-2018-q2-update.win32_1.4.0.202007081208/tools/bin/../lib/gcc/arm-none-eabi/7.3.1/../../../../arm-none-eabi/lib/thumb/v7e-m/fpv4-sp/hard\libm.a(lib_a-s_fmax.o)
 .ARM.attributes
                0x000000000000065c       0x34 c:/st/stm32cubeide_1.4.0/stm32cubeide/plugins/com.st.stm32cube.ide.mcu.externaltools.gnu-tools-for-stm32.7-2018-q2-update.win32_1.4.0.202007081208/tools/bin/../lib/gcc/arm-none-eabi/7.3.1/../../../../arm-none-eabi/lib/thumb/v7e-m/fpv4-sp/hard\libm.a(lib_a-s_fmin.o)
 .ARM.attributes
                0x0000000000000690       0x34 c:/st/stm32cubeide_1.4.0/stm32cubeide/plugins/com.st.stm32cube.ide.mcu.externaltools.gnu-tools-for-stm32.7-2018-q2-update.win32_1.4.0.202007081208/tools/bin/../lib/gcc/arm-none-eabi/7.3.1/../../../../arm-none-eabi/lib/thumb/v7e-m/fpv4-sp/hard\libm.a(lib_a-s_fpclassify.o)
 .ARM.attributes
                0x00000000000006c4       0x34 c:/st/stm32cubeide_1.4.0/stm32cubeide/plugins/com.st.stm32cube.ide.mcu.externaltools.gnu-tools-for-stm32.7-2018-q2-update.win32_1.4.0.202007081208/tools/bin/../lib/gcc/arm-none-eabi/7.3.1/../../../../arm-none-eabi/lib/thumb/v7e-m/fpv4-sp/hard\libm.a(lib_a-w_asin.o)
 .ARM.attributes
                0x00000000000006f8       0x34 c:/st/stm32cubeide_1.4.0/stm32cubeide/plugins/com.st.stm32cube.ide.mcu.externaltools.gnu-tools-for-stm32.7-2018-q2-update.win32_1.4.0.202007081208/tools/bin/../lib/gcc/arm-none-eabi/7.3.1/../../../../arm-none-eabi/lib/thumb/v7e-m/fpv4-sp/hard\libm.a(lib_a-w_atan2.o)
 .ARM.attributes
                0x000000000000072c       0x34 c:/st/stm32cubeide_1.4.0/stm32cubeide/plugins/com.st.stm32cube.ide.mcu.externaltools.gnu-tools-for-stm32.7-2018-q2-update.win32_1.4.0.202007081208/tools/bin/../lib/gcc/arm-none-eabi/7.3.1/../../../../arm-none-eabi/lib/thumb/v7e-m/fpv4-sp/hard\libm.a(lib_a-w_sqrt.o)
 .ARM.attributes
                0x0000000000000760       0x34 c:/st/stm32cubeide_1.4.0/stm32cubeide/plugins/com.st.stm32cube.ide.mcu.externaltools.gnu-tools-for-stm32.7-2018-q2-update.win32_1.4.0.202007081208/tools/bin/../lib/gcc/arm-none-eabi/7.3.1/../../../../arm-none-eabi/lib/thumb/v7e-m/fpv4-sp/hard\libm.a(lib_a-e_asin.o)
 .ARM.attributes
                0x0000000000000794       0x34 c:/st/stm32cubeide_1.4.0/stm32cubeide/plugins/com.st.stm32cube.ide.mcu.externaltools.gnu-tools-for-stm32.7-2018-q2-update.win32_1.4.0.202007081208/tools/bin/../lib/gcc/arm-none-eabi/7.3.1/../../../../arm-none-eabi/lib/thumb/v7e-m/fpv4-sp/hard\libm.a(lib_a-e_atan2.o)
 .ARM.attributes
                0x00000000000007c8       0x34 c:/st/stm32cubeide_1.4.0/stm32cubeide/plugins/com.st.stm32cube.ide.mcu.externaltools.gnu-tools-for-stm32.7-2018-q2-update.win32_1.4.0.202007081208/tools/bin/../lib/gcc/arm-none-eabi/7.3.1/../../../../arm-none-eabi/lib/thumb/v7e-m/fpv4-sp/hard\libm.a(lib_a-e_sqrt.o)
 .ARM.attributes
                0x00000000000007fc       0x34 c:/st/stm32cubeide_1.4.0/stm32cubeide/plugins/com.st.stm32cube.ide.mcu.externaltools.gnu-tools-for-stm32.7-2018-q2-update.win32_1.4.0.202007081208/tools/bin/../lib/gcc/arm-none-eabi/7.3.1/../../../../arm-none-eabi/lib/thumb/v7e-m/fpv4-sp/hard\libm.a(lib_a-s_atan.o)
 .ARM.attributes
                0x0000000000000830       0x34 c:/st/stm32cubeide_1.4.0/stm32cubeide/plugins/com.st.stm32cube.ide.mcu.externaltools.gnu-tools-for-stm32.7-2018-q2-update.win32_1.4.0.202007081208/tools/bin/../lib/gcc/arm-none-eabi/7.3.1/../../../../arm-none-eabi/lib/thumb/v7e-m/fpv4-sp/hard\libm.a(lib_a-s_fabs.o)
 .ARM.attributes
                0x0000000000000864       0x34 c:/st/stm32cubeide_1.4.0/stm32cubeide/plugins/com.st.stm32cube.ide.mcu.externaltools.gnu-tools-for-stm32.7-2018-q2-update.win32_1.4.0.202007081208/tools/bin/../lib/gcc/arm-none-eabi/7.3.1/../../../../arm-none-eabi/lib/thumb/v7e-m/fpv4-sp/hard\libm.a(lib_a-s_lib_ver.o)
 .ARM.attributes
                0x0000000000000898       0x34 c:/st/stm32cubeide_1.4.0/stm32cubeide/plugins/com.st.stm32cube.ide.mcu.externaltools.gnu-tools-for-stm32.7-2018-q2-update.win32_1.4.0.202007081208/tools/bin/../lib/gcc/arm-none-eabi/7.3.1/../../../../arm-none-eabi/lib/thumb/v7e-m/fpv4-sp/hard\libm.a(lib_a-s_matherr.o)
 .ARM.attributes
                0x00000000000008cc       0x34 c:/st/stm32cubeide_1.4.0/stm32cubeide/plugins/com.st.stm32cube.ide.mcu.externaltools.gnu-tools-for-stm32.7-2018-q2-update.win32_1.4.0.202007081208/tools/bin/../lib/gcc/arm-none-eabi/7.3.1/../../../../arm-none-eabi/lib/thumb/v7e-m/fpv4-sp/hard\libm.a(lib_a-s_nan.o)
 .ARM.attributes
                0x0000000000000900       0x22 c:/st/stm32cubeide_1.4.0/stm32cubeide/plugins/com.st.stm32cube.ide.mcu.externaltools.gnu-tools-for-stm32.7-2018-q2-update.win32_1.4.0.202007081208/tools/bin/../lib/gcc/arm-none-eabi/7.3.1/thumb/v7e-m/fpv4-sp/hard\libgcc.a(_arm_addsubdf3.o)
 .ARM.attributes
                0x0000000000000922       0x22 c:/st/stm32cubeide_1.4.0/stm32cubeide/plugins/com.st.stm32cube.ide.mcu.externaltools.gnu-tools-for-stm32.7-2018-q2-update.win32_1.4.0.202007081208/tools/bin/../lib/gcc/arm-none-eabi/7.3.1/thumb/v7e-m/fpv4-sp/hard\libgcc.a(_arm_muldivdf3.o)
 .ARM.attributes
                0x0000000000000944       0x22 c:/st/stm32cubeide_1.4.0/stm32cubeide/plugins/com.st.stm32cube.ide.mcu.externaltools.gnu-tools-for-stm32.7-2018-q2-update.win32_1.4.0.202007081208/tools/bin/../lib/gcc/arm-none-eabi/7.3.1/thumb/v7e-m/fpv4-sp/hard\libgcc.a(_arm_cmpdf2.o)
 .ARM.attributes
                0x0000000000000966       0x22 c:/st/stm32cubeide_1.4.0/stm32cubeide/plugins/com.st.stm32cube.ide.mcu.externaltools.gnu-tools-for-stm32.7-2018-q2-update.win32_1.4.0.202007081208/tools/bin/../lib/gcc/arm-none-eabi/7.3.1/thumb/v7e-m/fpv4-sp/hard\libgcc.a(_arm_unorddf2.o)
 .ARM.attributes
                0x0000000000000988       0x22 c:/st/stm32cubeide_1.4.0/stm32cubeide/plugins/com.st.stm32cube.ide.mcu.externaltools.gnu-tools-for-stm32.7-2018-q2-update.win32_1.4.0.202007081208/tools/bin/../lib/gcc/arm-none-eabi/7.3.1/thumb/v7e-m/fpv4-sp/hard\libgcc.a(_arm_fixdfsi.o)
 .ARM.attributes
                0x00000000000009aa       0x22 c:/st/stm32cubeide_1.4.0/stm32cubeide/plugins/com.st.stm32cube.ide.mcu.externaltools.gnu-tools-for-stm32.7-2018-q2-update.win32_1.4.0.202007081208/tools/bin/../lib/gcc/arm-none-eabi/7.3.1/thumb/v7e-m/fpv4-sp/hard\libgcc.a(_arm_truncdfsf2.o)
 .ARM.attributes
                0x00000000000009cc       0x22 c:/st/stm32cubeide_1.4.0/stm32cubeide/plugins/com.st.stm32cube.ide.mcu.externaltools.gnu-tools-for-stm32.7-2018-q2-update.win32_1.4.0.202007081208/tools/bin/../lib/gcc/arm-none-eabi/7.3.1/thumb/v7e-m/fpv4-sp/hard\libgcc.a(_aeabi_uldivmod.o)
 .ARM.attributes
                0x00000000000009ee       0x34 c:/st/stm32cubeide_1.4.0/stm32cubeide/plugins/com.st.stm32cube.ide.mcu.externaltools.gnu-tools-for-stm32.7-2018-q2-update.win32_1.4.0.202007081208/tools/bin/../lib/gcc/arm-none-eabi/7.3.1/thumb/v7e-m/fpv4-sp/hard\libgcc.a(_udivmoddi4.o)
 .ARM.attributes
                0x0000000000000a22       0x22 c:/st/stm32cubeide_1.4.0/stm32cubeide/plugins/com.st.stm32cube.ide.mcu.externaltools.gnu-tools-for-stm32.7-2018-q2-update.win32_1.4.0.202007081208/tools/bin/../lib/gcc/arm-none-eabi/7.3.1/thumb/v7e-m/fpv4-sp/hard\libgcc.a(_dvmd_tls.o)
 .ARM.attributes
                0x0000000000000a44       0x22 c:/st/stm32cubeide_1.4.0/stm32cubeide/plugins/com.st.stm32cube.ide.mcu.externaltools.gnu-tools-for-stm32.7-2018-q2-update.win32_1.4.0.202007081208/tools/bin/../lib/gcc/arm-none-eabi/7.3.1/thumb/v7e-m/fpv4-sp/hard/crtn.o
OUTPUT(test_remote_control.elf elf32-littlearm)

.debug_info     0x0000000000000000    0x19bb8
 .debug_info    0x0000000000000000     0x2865 Core/Src/main.o
 .debug_info    0x0000000000002865     0x1943 Core/Src/pid.o
 .debug_info    0x00000000000041a8     0x120e Core/Src/rm_can.o
 .debug_info    0x00000000000053b6     0x1e0b Core/Src/rm_ctrl.o
 .debug_info    0x00000000000071c1      0xf8d Core/Src/rm_gpio.o
 .debug_info    0x000000000000814e     0x2066 Core/Src/rm_imu.o
 .debug_info    0x000000000000a1b4      0xf50 Core/Src/rm_pwm.o
 .debug_info    0x000000000000b104     0x1a37 Core/Src/rm_uart.o
 .debug_info    0x000000000000cb3b     0x1874 Core/Src/stm32f4xx_hal_msp.o
 .debug_info    0x000000000000e3af     0x11f1 Core/Src/stm32f4xx_it.o
 .debug_info    0x000000000000f5a0      0x56e Core/Src/system_stm32f4xx.o
 .debug_info    0x000000000000fb0e       0x22 Core/Startup/startup_stm32f427iihx.o
 .debug_info    0x000000000000fb30      0x9ad Drivers/STM32F4xx_HAL_Driver/Src/stm32f4xx_hal.o
 .debug_info    0x00000000000104dd      0xfae Drivers/STM32F4xx_HAL_Driver/Src/stm32f4xx_hal_can.o
 .debug_info    0x000000000001148b      0xe52 Drivers/STM32F4xx_HAL_Driver/Src/stm32f4xx_hal_cortex.o
 .debug_info    0x00000000000122dd      0x968 Drivers/STM32F4xx_HAL_Driver/Src/stm32f4xx_hal_dma.o
 .debug_info    0x0000000000012c45      0x7cf Drivers/STM32F4xx_HAL_Driver/Src/stm32f4xx_hal_gpio.o
 .debug_info    0x0000000000013414      0x91e Drivers/STM32F4xx_HAL_Driver/Src/stm32f4xx_hal_rcc.o
 .debug_info    0x0000000000013d32     0x163a Drivers/STM32F4xx_HAL_Driver/Src/stm32f4xx_hal_spi.o
 .debug_info    0x000000000001536c     0x24a9 Drivers/STM32F4xx_HAL_Driver/Src/stm32f4xx_hal_tim.o
 .debug_info    0x0000000000017815     0x1157 Drivers/STM32F4xx_HAL_Driver/Src/stm32f4xx_hal_tim_ex.o
 .debug_info    0x000000000001896c     0x124c Drivers/STM32F4xx_HAL_Driver/Src/stm32f4xx_hal_uart.o

.debug_abbrev   0x0000000000000000     0x2ef5
 .debug_abbrev  0x0000000000000000      0x324 Core/Src/main.o
 .debug_abbrev  0x0000000000000324      0x274 Core/Src/pid.o
 .debug_abbrev  0x0000000000000598      0x1f9 Core/Src/rm_can.o
 .debug_abbrev  0x0000000000000791      0x2b1 Core/Src/rm_ctrl.o
 .debug_abbrev  0x0000000000000a42      0x17c Core/Src/rm_gpio.o
 .debug_abbrev  0x0000000000000bbe      0x379 Core/Src/rm_imu.o
 .debug_abbrev  0x0000000000000f37      0x1a3 Core/Src/rm_pwm.o
 .debug_abbrev  0x00000000000010da      0x2c8 Core/Src/rm_uart.o
 .debug_abbrev  0x00000000000013a2      0x223 Core/Src/stm32f4xx_hal_msp.o
 .debug_abbrev  0x00000000000015c5      0x20e Core/Src/stm32f4xx_it.o
 .debug_abbrev  0x00000000000017d3      0x12b Core/Src/system_stm32f4xx.o
 .debug_abbrev  0x00000000000018fe       0x12 Core/Startup/startup_stm32f427iihx.o
 .debug_abbrev  0x0000000000001910      0x1c7 Drivers/STM32F4xx_HAL_Driver/Src/stm32f4xx_hal.o
 .debug_abbrev  0x0000000000001ad7      0x21d Drivers/STM32F4xx_HAL_Driver/Src/stm32f4xx_hal_can.o
 .debug_abbrev  0x0000000000001cf4      0x2fa Drivers/STM32F4xx_HAL_Driver/Src/stm32f4xx_hal_cortex.o
 .debug_abbrev  0x0000000000001fee      0x229 Drivers/STM32F4xx_HAL_Driver/Src/stm32f4xx_hal_dma.o
 .debug_abbrev  0x0000000000002217      0x1c9 Drivers/STM32F4xx_HAL_Driver/Src/stm32f4xx_hal_gpio.o
 .debug_abbrev  0x00000000000023e0      0x245 Drivers/STM32F4xx_HAL_Driver/Src/stm32f4xx_hal_rcc.o
 .debug_abbrev  0x0000000000002625      0x240 Drivers/STM32F4xx_HAL_Driver/Src/stm32f4xx_hal_spi.o
 .debug_abbrev  0x0000000000002865      0x230 Drivers/STM32F4xx_HAL_Driver/Src/stm32f4xx_hal_tim.o
 .debug_abbrev  0x0000000000002a95      0x21e Drivers/STM32F4xx_HAL_Driver/Src/stm32f4xx_hal_tim_ex.o
 .debug_abbrev  0x0000000000002cb3      0x242 Drivers/STM32F4xx_HAL_Driver/Src/stm32f4xx_hal_uart.o

.debug_aranges  0x0000000000000000     0x1178
 .debug_aranges
                0x0000000000000000       0x98 Core/Src/main.o
 .debug_aranges
                0x0000000000000098       0x40 Core/Src/pid.o
 .debug_aranges
                0x00000000000000d8       0x38 Core/Src/rm_can.o
 .debug_aranges
                0x0000000000000110       0x50 Core/Src/rm_ctrl.o
 .debug_aranges
                0x0000000000000160       0x28 Core/Src/rm_gpio.o
 .debug_aranges
                0x0000000000000188       0xa0 Core/Src/rm_imu.o
 .debug_aranges
                0x0000000000000228       0x48 Core/Src/rm_pwm.o
 .debug_aranges
                0x0000000000000270       0x48 Core/Src/rm_uart.o
 .debug_aranges
                0x00000000000002b8       0x68 Core/Src/stm32f4xx_hal_msp.o
 .debug_aranges
                0x0000000000000320       0xb0 Core/Src/stm32f4xx_it.o
 .debug_aranges
                0x00000000000003d0       0x28 Core/Src/system_stm32f4xx.o
 .debug_aranges
                0x00000000000003f8       0x28 Core/Startup/startup_stm32f427iihx.o
 .debug_aranges
                0x0000000000000420      0x100 Drivers/STM32F4xx_HAL_Driver/Src/stm32f4xx_hal.o
 .debug_aranges
                0x0000000000000520      0x138 Drivers/STM32F4xx_HAL_Driver/Src/stm32f4xx_hal_can.o
 .debug_aranges
                0x0000000000000658      0x118 Drivers/STM32F4xx_HAL_Driver/Src/stm32f4xx_hal_cortex.o
 .debug_aranges
                0x0000000000000770       0x90 Drivers/STM32F4xx_HAL_Driver/Src/stm32f4xx_hal_dma.o
 .debug_aranges
                0x0000000000000800       0x58 Drivers/STM32F4xx_HAL_Driver/Src/stm32f4xx_hal_gpio.o
 .debug_aranges
                0x0000000000000858       0x88 Drivers/STM32F4xx_HAL_Driver/Src/stm32f4xx_hal_rcc.o
 .debug_aranges
                0x00000000000008e0      0x1d0 Drivers/STM32F4xx_HAL_Driver/Src/stm32f4xx_hal_spi.o
 .debug_aranges
                0x0000000000000ab0      0x3a8 Drivers/STM32F4xx_HAL_Driver/Src/stm32f4xx_hal_tim.o
 .debug_aranges
                0x0000000000000e58      0x150 Drivers/STM32F4xx_HAL_Driver/Src/stm32f4xx_hal_tim_ex.o
 .debug_aranges
                0x0000000000000fa8      0x1d0 Drivers/STM32F4xx_HAL_Driver/Src/stm32f4xx_hal_uart.o

.debug_ranges   0x0000000000000000     0x1020
 .debug_ranges  0x0000000000000000       0x88 Core/Src/main.o
 .debug_ranges  0x0000000000000088       0x30 Core/Src/pid.o
 .debug_ranges  0x00000000000000b8       0x28 Core/Src/rm_can.o
 .debug_ranges  0x00000000000000e0       0x40 Core/Src/rm_ctrl.o
 .debug_ranges  0x0000000000000120       0x18 Core/Src/rm_gpio.o
 .debug_ranges  0x0000000000000138       0x90 Core/Src/rm_imu.o
 .debug_ranges  0x00000000000001c8       0x38 Core/Src/rm_pwm.o
 .debug_ranges  0x0000000000000200       0x38 Core/Src/rm_uart.o
 .debug_ranges  0x0000000000000238       0x58 Core/Src/stm32f4xx_hal_msp.o
 .debug_ranges  0x0000000000000290       0xa0 Core/Src/stm32f4xx_it.o
 .debug_ranges  0x0000000000000330       0x18 Core/Src/system_stm32f4xx.o
 .debug_ranges  0x0000000000000348       0x20 Core/Startup/startup_stm32f427iihx.o
 .debug_ranges  0x0000000000000368       0xf0 Drivers/STM32F4xx_HAL_Driver/Src/stm32f4xx_hal.o
 .debug_ranges  0x0000000000000458      0x128 Drivers/STM32F4xx_HAL_Driver/Src/stm32f4xx_hal_can.o
 .debug_ranges  0x0000000000000580      0x108 Drivers/STM32F4xx_HAL_Driver/Src/stm32f4xx_hal_cortex.o
 .debug_ranges  0x0000000000000688       0x80 Drivers/STM32F4xx_HAL_Driver/Src/stm32f4xx_hal_dma.o
 .debug_ranges  0x0000000000000708       0x48 Drivers/STM32F4xx_HAL_Driver/Src/stm32f4xx_hal_gpio.o
 .debug_ranges  0x0000000000000750       0x78 Drivers/STM32F4xx_HAL_Driver/Src/stm32f4xx_hal_rcc.o
 .debug_ranges  0x00000000000007c8      0x1c0 Drivers/STM32F4xx_HAL_Driver/Src/stm32f4xx_hal_spi.o
 .debug_ranges  0x0000000000000988      0x398 Drivers/STM32F4xx_HAL_Driver/Src/stm32f4xx_hal_tim.o
 .debug_ranges  0x0000000000000d20      0x140 Drivers/STM32F4xx_HAL_Driver/Src/stm32f4xx_hal_tim_ex.o
 .debug_ranges  0x0000000000000e60      0x1c0 Drivers/STM32F4xx_HAL_Driver/Src/stm32f4xx_hal_uart.o

.debug_macro    0x0000000000000000    0x2570c
 .debug_macro   0x0000000000000000      0x3fe Core/Src/main.o
 .debug_macro   0x00000000000003fe      0xa5a Core/Src/main.o
 .debug_macro   0x0000000000000e58      0x2a0 Core/Src/main.o
 .debug_macro   0x00000000000010f8       0x2e Core/Src/main.o
 .debug_macro   0x0000000000001126       0x28 Core/Src/main.o
 .debug_macro   0x000000000000114e       0x22 Core/Src/main.o
 .debug_macro   0x0000000000001170       0x8e Core/Src/main.o
 .debug_macro   0x00000000000011fe       0x51 Core/Src/main.o
 .debug_macro   0x000000000000124f       0xef Core/Src/main.o
 .debug_macro   0x000000000000133e       0x6a Core/Src/main.o
 .debug_macro   0x00000000000013a8      0x1df Core/Src/main.o
 .debug_macro   0x0000000000001587       0x1c Core/Src/main.o
 .debug_macro   0x00000000000015a3       0x22 Core/Src/main.o
 .debug_macro   0x00000000000015c5       0xdf Core/Src/main.o
 .debug_macro   0x00000000000016a4     0x102d Core/Src/main.o
 .debug_macro   0x00000000000026d1      0x11f Core/Src/main.o
 .debug_macro   0x00000000000027f0    0x17859 Core/Src/main.o
 .debug_macro   0x000000000001a049       0x43 Core/Src/main.o
 .debug_macro   0x000000000001a08c     0x36c9 Core/Src/main.o
 .debug_macro   0x000000000001d755      0x174 Core/Src/main.o
 .debug_macro   0x000000000001d8c9       0x5a Core/Src/main.o
 .debug_macro   0x000000000001d923      0xc6d Core/Src/main.o
 .debug_macro   0x000000000001e590      0x9fe Core/Src/main.o
 .debug_macro   0x000000000001ef8e      0x117 Core/Src/main.o
 .debug_macro   0x000000000001f0a5      0x16f Core/Src/main.o
 .debug_macro   0x000000000001f214       0x27 Core/Src/main.o
 .debug_macro   0x000000000001f23b      0x182 Core/Src/main.o
 .debug_macro   0x000000000001f3bd      0x287 Core/Src/main.o
 .debug_macro   0x000000000001f644       0x5f Core/Src/main.o
 .debug_macro   0x000000000001f6a3      0x236 Core/Src/main.o
 .debug_macro   0x000000000001f8d9      0x40f Core/Src/main.o
 .debug_macro   0x000000000001fce8      0x132 Core/Src/main.o
 .debug_macro   0x000000000001fe1a      0x41d Core/Src/main.o
 .debug_macro   0x0000000000020237       0x2e Core/Src/main.o
 .debug_macro   0x0000000000020265      0x11a Core/Src/main.o
 .debug_macro   0x000000000002037f       0xe2 Core/Src/main.o
 .debug_macro   0x0000000000020461       0x89 Core/Src/main.o
 .debug_macro   0x00000000000204ea      0x225 Core/Src/main.o
 .debug_macro   0x000000000002070f      0x8a0 Core/Src/main.o
 .debug_macro   0x0000000000020faf       0x47 Core/Src/main.o
 .debug_macro   0x0000000000020ff6      0x287 Core/Src/main.o
 .debug_macro   0x000000000002127d      0x134 Core/Src/main.o
 .debug_macro   0x00000000000213b1       0x70 Core/Src/main.o
 .debug_macro   0x0000000000021421       0x46 Core/Src/main.o
 .debug_macro   0x0000000000021467       0x18 Core/Src/main.o
 .debug_macro   0x000000000002147f       0x3c Core/Src/main.o
 .debug_macro   0x00000000000214bb       0x34 Core/Src/main.o
 .debug_macro   0x00000000000214ef       0x52 Core/Src/main.o
 .debug_macro   0x0000000000021541       0x1f Core/Src/main.o
 .debug_macro   0x0000000000021560       0x43 Core/Src/main.o
 .debug_macro   0x00000000000215a3       0x20 Core/Src/main.o
 .debug_macro   0x00000000000215c3      0x1a3 Core/Src/main.o
 .debug_macro   0x0000000000021766      0x32a Core/Src/main.o
 .debug_macro   0x0000000000021a90      0x1e1 Core/Src/main.o
 .debug_macro   0x0000000000021c71       0x16 Core/Src/main.o
 .debug_macro   0x0000000000021c87       0x35 Core/Src/main.o
 .debug_macro   0x0000000000021cbc       0x16 Core/Src/main.o
 .debug_macro   0x0000000000021cd2       0x29 Core/Src/main.o
 .debug_macro   0x0000000000021cfb       0x1c Core/Src/main.o
 .debug_macro   0x0000000000021d17       0x10 Core/Src/main.o
 .debug_macro   0x0000000000021d27       0x10 Core/Src/main.o
 .debug_macro   0x0000000000021d37       0x1c Core/Src/main.o
 .debug_macro   0x0000000000021d53       0x52 Core/Src/main.o
 .debug_macro   0x0000000000021da5       0x40 Core/Src/main.o
 .debug_macro   0x0000000000021de5       0x10 Core/Src/main.o
 .debug_macro   0x0000000000021df5       0x40 Core/Src/main.o
 .debug_macro   0x0000000000021e35       0xd7 Core/Src/main.o
 .debug_macro   0x0000000000021f0c       0x1c Core/Src/main.o
 .debug_macro   0x0000000000021f28       0x3d Core/Src/main.o
 .debug_macro   0x0000000000021f65       0x16 Core/Src/main.o
 .debug_macro   0x0000000000021f7b      0x145 Core/Src/main.o
 .debug_macro   0x00000000000220c0       0x1c Core/Src/main.o
 .debug_macro   0x00000000000220dc       0x1c Core/Src/main.o
 .debug_macro   0x00000000000220f8       0x10 Core/Src/main.o
 .debug_macro   0x0000000000022108       0x28 Core/Src/main.o
 .debug_macro   0x0000000000022130      0x2a3 Core/Src/pid.o
 .debug_macro   0x00000000000223d3      0x20a Core/Src/rm_can.o
 .debug_macro   0x00000000000225dd       0x16 Core/Src/rm_can.o
 .debug_macro   0x00000000000225f3      0x2f2 Core/Src/rm_ctrl.o
 .debug_macro   0x00000000000228e5       0x40 Core/Src/rm_ctrl.o
 .debug_macro   0x0000000000022925       0x94 Core/Src/rm_ctrl.o
 .debug_macro   0x00000000000229b9      0x10e Core/Src/rm_ctrl.o
 .debug_macro   0x0000000000022ac7       0x8d Core/Src/rm_ctrl.o
 .debug_macro   0x0000000000022b54       0x57 Core/Src/rm_ctrl.o
 .debug_macro   0x0000000000022bab      0x330 Core/Src/rm_ctrl.o
 .debug_macro   0x0000000000022edb       0xd9 Core/Src/rm_ctrl.o
 .debug_macro   0x0000000000022fb4       0x54 Core/Src/rm_ctrl.o
 .debug_macro   0x0000000000023008       0x22 Core/Src/rm_ctrl.o
 .debug_macro   0x000000000002302a      0x205 Core/Src/rm_gpio.o
 .debug_macro   0x000000000002322f      0x31b Core/Src/rm_imu.o
 .debug_macro   0x000000000002354a       0x5e Core/Src/rm_imu.o
 .debug_macro   0x00000000000235a8      0x274 Core/Src/rm_imu.o
 .debug_macro   0x000000000002381c       0x16 Core/Src/rm_imu.o
 .debug_macro   0x0000000000023832       0x20 Core/Src/rm_imu.o
 .debug_macro   0x0000000000023852      0x209 Core/Src/rm_pwm.o
 .debug_macro   0x0000000000023a5b      0x2f9 Core/Src/rm_uart.o
 .debug_macro   0x0000000000023d54       0x10 Core/Src/rm_uart.o
 .debug_macro   0x0000000000023d64      0x1fb Core/Src/stm32f4xx_hal_msp.o
 .debug_macro   0x0000000000023f5f      0x218 Core/Src/stm32f4xx_it.o
 .debug_macro   0x0000000000024177      0x1e8 Core/Src/system_stm32f4xx.o
 .debug_macro   0x000000000002435f      0x242 Drivers/STM32F4xx_HAL_Driver/Src/stm32f4xx_hal.o
 .debug_macro   0x00000000000245a1      0x1ea Drivers/STM32F4xx_HAL_Driver/Src/stm32f4xx_hal_can.o
 .debug_macro   0x000000000002478b      0x1e2 Drivers/STM32F4xx_HAL_Driver/Src/stm32f4xx_hal_cortex.o
 .debug_macro   0x000000000002496d      0x1e8 Drivers/STM32F4xx_HAL_Driver/Src/stm32f4xx_hal_dma.o
 .debug_macro   0x0000000000024b55      0x218 Drivers/STM32F4xx_HAL_Driver/Src/stm32f4xx_hal_gpio.o
 .debug_macro   0x0000000000024d6d      0x206 Drivers/STM32F4xx_HAL_Driver/Src/stm32f4xx_hal_rcc.o
 .debug_macro   0x0000000000024f73      0x1f1 Drivers/STM32F4xx_HAL_Driver/Src/stm32f4xx_hal_spi.o
 .debug_macro   0x0000000000025164      0x1e3 Drivers/STM32F4xx_HAL_Driver/Src/stm32f4xx_hal_tim.o